I0623 23:50:16.438539 129526284420928 train_repair_mainb.py:259] wandb run URL: <WANDB-RUN-URL-REDACTED>
I0623 23:50:16.439604 129526284420928 train_repair_mainb.py:265] rho_R=0 CONTROL: repair stream OFF (B_R=0) — pure OXE continuation, no repair_action curve
I0623 23:50:16.440399 129526284420928 train_repair_mainb.py:266] 💾 save dir = v2_runs/mainb_oxeonly_rhoR000_control  (every 500 steps)
I0623 23:50:16.445173 129526284420928 train_callbacks.py:70] Created v2_runs/mainb_oxeonly_rhoR000_control
I0623 23:50:39.592644 129526284420928 train_repair_mainb.py:284] ✅ combined action shape = (128, 2, 4, 7); has_repair=False; dropped non-shared keys = []
miniconda3/envs/octo/lib/python3.10/site-packages/huggingface_hub/file_download.py:949: FutureWarning: `resume_download` is deprecated and will be removed in version 1.0.0. Downloads always resume when possible. If you want to force a new download, use `force_download=True`.
  warnings.warn(
I0623 23:50:41.323874 129526284420928 tokenizers.py:124] No task inputs matching image_primary were found. Replacing with zero padding.
I0623 23:50:41.626447 129526284420928 tokenizers.py:110] No image inputs matching ('image_wrist',) were found.Skipping tokenizer entirely.
W0623 23:50:41.628925 129526284420928 octo_module.py:194] Skipping observation tokenizer: obs_wrist
I0623 23:50:41.630010 129526284420928 octo_module.py:219] repeating task tokens at each timestep to perform cross-modal attention
miniconda3/envs/octo/lib/python3.10/site-packages/huggingface_hub/file_download.py:949: FutureWarning: `resume_download` is deprecated and will be removed in version 1.0.0. Downloads always resume when possible. If you want to force a new download, use `force_download=True`.
  warnings.warn(
I0623 23:50:49.806425 129526284420928 tokenizers.py:124] No task inputs matching image_primary were found. Replacing with zero padding.
I0623 23:50:49.877066 129526284420928 tokenizers.py:110] No image inputs matching ('image_wrist',) were found.Skipping tokenizer entirely.
W0623 23:50:49.877525 129526284420928 octo_module.py:194] Skipping observation tokenizer: obs_wrist
I0623 23:50:49.877832 129526284420928 octo_module.py:219] repeating task tokens at each timestep to perform cross-modal attention
I0623 23:52:05.249498 129526284420928 tokenizers.py:124] No task inputs matching image_primary were found. Replacing with zero padding.
I0623 23:52:05.316029 129526284420928 tokenizers.py:110] No image inputs matching ('image_wrist',) were found.Skipping tokenizer entirely.
W0623 23:52:05.316682 129526284420928 octo_module.py:194] Skipping observation tokenizer: obs_wrist
I0623 23:52:05.317065 129526284420928 octo_module.py:219] repeating task tokens at each timestep to perform cross-modal attention
I0623 23:52:12.303338 129526284420928 tokenizers.py:124] No task inputs matching image_primary were found. Replacing with zero padding.
I0623 23:52:12.372966 129526284420928 tokenizers.py:110] No image inputs matching ('image_wrist',) were found.Skipping tokenizer entirely.
W0623 23:52:12.373544 129526284420928 octo_module.py:194] Skipping observation tokenizer: obs_wrist
I0623 23:52:12.374020 129526284420928 octo_module.py:219] repeating task tokens at each timestep to perform cross-modal attention
I0623 23:52:28.250514 129526284420928 train_repair_mainb.py:312] [full 00000/10000] total=0.5070 kd=0.0105 action=1.0035 lr=0.00e+00 grad_norm=4.7122 | preserve_action=1.1333
I0623 23:52:29.850465 129526284420928 train_repair_mainb.py:312] [full 00001/10000] total=0.4155 kd=0.0100 action=0.8210 lr=5.00e-09 grad_norm=3.5756
I0623 23:52:31.181874 129526284420928 train_repair_mainb.py:312] [full 00002/10000] total=0.5007 kd=0.0096 action=0.9918 lr=1.00e-08 grad_norm=4.1209
I0623 23:52:32.588755 129526284420928 train_repair_mainb.py:312] [full 00003/10000] total=0.5155 kd=0.0097 action=1.0213 lr=1.50e-08 grad_norm=4.2977
I0623 23:52:33.988472 129526284420928 train_repair_mainb.py:312] [full 00004/10000] total=0.4518 kd=0.0098 action=0.8938 lr=2.00e-08 grad_norm=4.8918
I0623 23:52:35.382793 129526284420928 train_repair_mainb.py:312] [full 00005/10000] total=0.5031 kd=0.0097 action=0.9965 lr=2.50e-08 grad_norm=4.1431
I0623 23:52:36.782304 129526284420928 train_repair_mainb.py:312] [full 00006/10000] total=0.5387 kd=0.0097 action=1.0677 lr=3.00e-08 grad_norm=3.9345
I0623 23:52:38.262458 129526284420928 train_repair_mainb.py:312] [full 00007/10000] total=0.5859 kd=0.0100 action=1.1619 lr=3.50e-08 grad_norm=4.7323
I0623 23:52:39.671314 129526284420928 train_repair_mainb.py:312] [full 00008/10000] total=0.5307 kd=0.0101 action=1.0512 lr=4.00e-08 grad_norm=4.2988
I0623 23:52:41.032581 129526284420928 train_repair_mainb.py:312] [full 00009/10000] total=0.5241 kd=0.0102 action=1.0381 lr=4.50e-08 grad_norm=4.7232
I0623 23:53:38.275815 129526284420928 train_repair_mainb.py:312] [full 00050/10000] total=0.4319 kd=0.0096 action=0.8543 lr=2.50e-07 grad_norm=4.2676
I0623 23:54:48.686863 129526284420928 train_repair_mainb.py:312] [full 00100/10000] total=0.5020 kd=0.0099 action=0.9940 lr=5.00e-07 grad_norm=3.6012 | preserve_action=0.9917
I0623 23:55:58.383214 129526284420928 train_repair_mainb.py:312] [full 00150/10000] total=0.4824 kd=0.0092 action=0.9556 lr=7.50e-07 grad_norm=4.1747
I0623 23:57:08.774645 129526284420928 train_repair_mainb.py:312] [full 00200/10000] total=0.5751 kd=0.0101 action=1.1401 lr=1.00e-06 grad_norm=4.3403 | preserve_action=0.9674
I0623 23:58:18.982648 129526284420928 train_repair_mainb.py:312] [full 00250/10000] total=0.4588 kd=0.0102 action=0.9074 lr=1.00e-06 grad_norm=3.7617
I0623 23:59:29.485209 129526284420928 train_repair_mainb.py:312] [full 00300/10000] total=0.4318 kd=0.0097 action=0.8538 lr=1.00e-06 grad_norm=4.8334 | preserve_action=0.8665
I0624 00:00:40.186162 129526284420928 train_repair_mainb.py:312] [full 00350/10000] total=0.5784 kd=0.0097 action=1.1471 lr=1.00e-06 grad_norm=4.2819
I0624 00:01:50.476500 129526284420928 train_repair_mainb.py:312] [full 00400/10000] total=0.4755 kd=0.0101 action=0.9409 lr=1.00e-06 grad_norm=3.9107 | preserve_action=1.0859
I0624 00:03:00.278774 129526284420928 train_repair_mainb.py:312] [full 00450/10000] total=0.4814 kd=0.0094 action=0.9535 lr=1.00e-06 grad_norm=4.3596
I0624 00:04:08.826995 129526284420928 checkpointer.py:134] Saving item to v2_runs/mainb_oxeonly_rhoR000_control/500.orbax-checkpoint-tmp-1782259448719355/default.
I0624 00:04:13.526996 129526284420928 utils.py:529] Renaming v2_runs/mainb_oxeonly_rhoR000_control/500.orbax-checkpoint-tmp-1782259448719355/default.orbax-checkpoint-tmp-1782259448829511 to v2_runs/mainb_oxeonly_rhoR000_control/500.orbax-checkpoint-tmp-1782259448719355/default
I0624 00:04:13.530952 129526284420928 utils.py:573] Finished saving checkpoint to `v2_runs/mainb_oxeonly_rhoR000_control/500.orbax-checkpoint-tmp-1782259448719355/default`.
I0624 00:04:13.539908 129526284420928 utils.py:529] Renaming v2_runs/mainb_oxeonly_rhoR000_control/500.orbax-checkpoint-tmp-1782259448719355 to v2_runs/mainb_oxeonly_rhoR000_control/500
I0624 00:04:13.675658 129526284420928 checkpointer.py:134] Saving item to v2_runs/mainb_oxeonly_rhoR000_control/state/500.orbax-checkpoint-tmp-1782259453661288/default.
I0624 00:04:23.436493 129526284420928 utils.py:529] Renaming v2_runs/mainb_oxeonly_rhoR000_control/state/500.orbax-checkpoint-tmp-1782259453661288/default.orbax-checkpoint-tmp-1782259453677698 to v2_runs/mainb_oxeonly_rhoR000_control/state/500.orbax-checkpoint-tmp-1782259453661288/default
I0624 00:04:23.457238 129526284420928 utils.py:573] Finished saving checkpoint to `v2_runs/mainb_oxeonly_rhoR000_control/state/500.orbax-checkpoint-tmp-1782259453661288/default`.
I0624 00:04:23.463142 129526284420928 utils.py:529] Renaming v2_runs/mainb_oxeonly_rhoR000_control/state/500.orbax-checkpoint-tmp-1782259453661288 to v2_runs/mainb_oxeonly_rhoR000_control/state/500
I0624 00:04:23.470342 129526284420928 train_repair_mainb.py:323] 💾 saved checkpoint @ step 500 -> v2_runs/mainb_oxeonly_rhoR000_control
I0624 00:04:25.659471 129526284420928 train_repair_mainb.py:312] [full 00500/10000] total=0.5226 kd=0.0095 action=1.0357 lr=1.00e-06 grad_norm=4.1261 | preserve_action=0.9598
I0624 00:05:35.506619 129526284420928 train_repair_mainb.py:312] [full 00550/10000] total=0.4414 kd=0.0095 action=0.8733 lr=1.00e-06 grad_norm=4.5799
I0624 00:06:45.986965 129526284420928 train_repair_mainb.py:312] [full 00600/10000] total=0.5021 kd=0.0103 action=0.9939 lr=1.00e-06 grad_norm=4.5869 | preserve_action=1.1547
I0624 00:07:56.088951 129526284420928 train_repair_mainb.py:312] [full 00650/10000] total=0.5487 kd=0.0100 action=1.0874 lr=1.00e-06 grad_norm=4.5468
I0624 00:09:06.699653 129526284420928 train_repair_mainb.py:312] [full 00700/10000] total=0.3828 kd=0.0101 action=0.7554 lr=1.00e-06 grad_norm=4.4506 | preserve_action=0.9265
I0624 00:10:16.994399 129526284420928 train_repair_mainb.py:312] [full 00750/10000] total=0.6120 kd=0.0100 action=1.2141 lr=1.00e-06 grad_norm=4.7870
I0624 00:11:27.176521 129526284420928 train_repair_mainb.py:312] [full 00800/10000] total=0.5568 kd=0.0099 action=1.1037 lr=1.00e-06 grad_norm=3.7225 | preserve_action=0.9931
I0624 00:12:37.104387 129526284420928 train_repair_mainb.py:312] [full 00850/10000] total=0.4932 kd=0.0105 action=0.9759 lr=1.00e-06 grad_norm=3.8831
I0624 00:13:47.265365 129526284420928 train_repair_mainb.py:312] [full 00900/10000] total=0.5890 kd=0.0097 action=1.1684 lr=1.00e-06 grad_norm=4.9432 | preserve_action=1.1133
I0624 00:14:56.979730 129526284420928 train_repair_mainb.py:312] [full 00950/10000] total=0.4963 kd=0.0103 action=0.9822 lr=1.00e-06 grad_norm=4.1091
I0624 00:16:06.027311 129526284420928 checkpointer.py:134] Saving item to v2_runs/mainb_oxeonly_rhoR000_control/1000.orbax-checkpoint-tmp-1782260166010416/default.
I0624 00:16:10.719038 129526284420928 utils.py:529] Renaming v2_runs/mainb_oxeonly_rhoR000_control/1000.orbax-checkpoint-tmp-1782260166010416/default.orbax-checkpoint-tmp-1782260166030668 to v2_runs/mainb_oxeonly_rhoR000_control/1000.orbax-checkpoint-tmp-1782260166010416/default
I0624 00:16:10.726456 129526284420928 utils.py:573] Finished saving checkpoint to `v2_runs/mainb_oxeonly_rhoR000_control/1000.orbax-checkpoint-tmp-1782260166010416/default`.
I0624 00:16:10.733364 129526284420928 utils.py:529] Renaming v2_runs/mainb_oxeonly_rhoR000_control/1000.orbax-checkpoint-tmp-1782260166010416 to v2_runs/mainb_oxeonly_rhoR000_control/1000
I0624 00:16:10.770478 129526284420928 checkpointer.py:134] Saving item to v2_runs/mainb_oxeonly_rhoR000_control/state/1000.orbax-checkpoint-tmp-1782260170756291/default.
I0624 00:16:20.684770 129526284420928 utils.py:529] Renaming v2_runs/mainb_oxeonly_rhoR000_control/state/1000.orbax-checkpoint-tmp-1782260170756291/default.orbax-checkpoint-tmp-1782260170772074 to v2_runs/mainb_oxeonly_rhoR000_control/state/1000.orbax-checkpoint-tmp-1782260170756291/default
I0624 00:16:20.690527 129526284420928 utils.py:573] Finished saving checkpoint to `v2_runs/mainb_oxeonly_rhoR000_control/state/1000.orbax-checkpoint-tmp-1782260170756291/default`.
I0624 00:16:20.698413 129526284420928 checkpoint_manager.py:832] Deleting Checkpoint[step=500 | time=2026-06-24 00:04:23.460652+00:00]: (Reason: old checkpoint).
I0624 00:16:20.701435 129526284420928 utils.py:529] Renaming v2_runs/mainb_oxeonly_rhoR000_control/state/1000.orbax-checkpoint-tmp-1782260170756291 to v2_runs/mainb_oxeonly_rhoR000_control/state/1000
I0624 00:16:20.940621 129526284420928 train_repair_mainb.py:323] 💾 saved checkpoint @ step 1000 -> v2_runs/mainb_oxeonly_rhoR000_control
I0624 00:16:23.125158 129526284420928 train_repair_mainb.py:312] [full 01000/10000] total=0.4486 kd=0.0097 action=0.8875 lr=1.00e-06 grad_norm=4.3271 | preserve_action=0.9428
I0624 00:17:32.688005 129526284420928 train_repair_mainb.py:312] [full 01050/10000] total=0.5317 kd=0.0104 action=1.0531 lr=1.00e-06 grad_norm=4.8039
I0624 00:18:43.080581 129526284420928 train_repair_mainb.py:312] [full 01100/10000] total=0.5083 kd=0.0093 action=1.0074 lr=1.00e-06 grad_norm=4.2242 | preserve_action=1.0586
I0624 00:19:53.234838 129526284420928 train_repair_mainb.py:312] [full 01150/10000] total=0.4915 kd=0.0102 action=0.9729 lr=1.00e-06 grad_norm=4.3623
I0624 00:21:03.783186 129526284420928 train_repair_mainb.py:312] [full 01200/10000] total=0.4926 kd=0.0099 action=0.9754 lr=1.00e-06 grad_norm=4.7321 | preserve_action=1.0985
I0624 00:22:13.784998 129526284420928 train_repair_mainb.py:312] [full 01250/10000] total=0.5026 kd=0.0106 action=0.9947 lr=1.00e-06 grad_norm=4.1803
I0624 00:23:25.288979 129526284420928 train_repair_mainb.py:312] [full 01300/10000] total=0.5173 kd=0.0099 action=1.0247 lr=1.00e-06 grad_norm=4.7821 | preserve_action=1.1657
I0624 00:24:35.094334 129526284420928 train_repair_mainb.py:312] [full 01350/10000] total=0.4423 kd=0.0096 action=0.8750 lr=1.00e-06 grad_norm=3.9770
I0624 00:25:45.801795 129526284420928 train_repair_mainb.py:312] [full 01400/10000] total=0.4797 kd=0.0100 action=0.9494 lr=1.00e-06 grad_norm=4.4909 | preserve_action=1.1489
I0624 00:26:55.788310 129526284420928 train_repair_mainb.py:312] [full 01450/10000] total=0.4651 kd=0.0100 action=0.9202 lr=1.00e-06 grad_norm=3.6951
I0624 00:28:04.419656 129526284420928 checkpointer.py:134] Saving item to v2_runs/mainb_oxeonly_rhoR000_control/1500.orbax-checkpoint-tmp-1782260884400430/default.
I0624 00:28:09.361479 129526284420928 utils.py:529] Renaming v2_runs/mainb_oxeonly_rhoR000_control/1500.orbax-checkpoint-tmp-1782260884400430/default.orbax-checkpoint-tmp-1782260884422609 to v2_runs/mainb_oxeonly_rhoR000_control/1500.orbax-checkpoint-tmp-1782260884400430/default
I0624 00:28:09.365456 129526284420928 utils.py:573] Finished saving checkpoint to `v2_runs/mainb_oxeonly_rhoR000_control/1500.orbax-checkpoint-tmp-1782260884400430/default`.
I0624 00:28:09.369440 129526284420928 utils.py:529] Renaming v2_runs/mainb_oxeonly_rhoR000_control/1500.orbax-checkpoint-tmp-1782260884400430 to v2_runs/mainb_oxeonly_rhoR000_control/1500
I0624 00:28:09.389564 129526284420928 checkpointer.py:134] Saving item to v2_runs/mainb_oxeonly_rhoR000_control/state/1500.orbax-checkpoint-tmp-1782260889382570/default.
I0624 00:28:18.612658 129526284420928 utils.py:529] Renaming v2_runs/mainb_oxeonly_rhoR000_control/state/1500.orbax-checkpoint-tmp-1782260889382570/default.orbax-checkpoint-tmp-1782260889390493 to v2_runs/mainb_oxeonly_rhoR000_control/state/1500.orbax-checkpoint-tmp-1782260889382570/default
I0624 00:28:18.617870 129526284420928 utils.py:573] Finished saving checkpoint to `v2_runs/mainb_oxeonly_rhoR000_control/state/1500.orbax-checkpoint-tmp-1782260889382570/default`.
I0624 00:28:18.628246 129526284420928 checkpoint_manager.py:832] Deleting Checkpoint[step=1000 | time=2026-06-24 00:16:20.693278+00:00]: (Reason: old checkpoint).
I0624 00:28:18.632347 129526284420928 utils.py:529] Renaming v2_runs/mainb_oxeonly_rhoR000_control/state/1500.orbax-checkpoint-tmp-1782260889382570 to v2_runs/mainb_oxeonly_rhoR000_control/state/1500
I0624 00:28:18.854988 129526284420928 train_repair_mainb.py:323] 💾 saved checkpoint @ step 1500 -> v2_runs/mainb_oxeonly_rhoR000_control
I0624 00:28:20.997209 129526284420928 train_repair_mainb.py:312] [full 01500/10000] total=0.5620 kd=0.0097 action=1.1142 lr=1.00e-06 grad_norm=4.3254 | preserve_action=1.0990
I0624 00:29:31.499978 129526284420928 train_repair_mainb.py:312] [full 01550/10000] total=0.4479 kd=0.0103 action=0.8855 lr=1.00e-06 grad_norm=4.3065
I0624 00:30:42.781473 129526284420928 train_repair_mainb.py:312] [full 01600/10000] total=0.5357 kd=0.0108 action=1.0607 lr=1.00e-06 grad_norm=5.3179 | preserve_action=1.0218
I0624 00:31:52.789150 129526284420928 train_repair_mainb.py:312] [full 01650/10000] total=0.4904 kd=0.0096 action=0.9712 lr=1.00e-06 grad_norm=3.7485
I0624 00:33:03.388181 129526284420928 train_repair_mainb.py:312] [full 01700/10000] total=0.4976 kd=0.0103 action=0.9850 lr=1.00e-06 grad_norm=4.1070 | preserve_action=1.0444
I0624 00:34:13.044077 129526284420928 train_repair_mainb.py:312] [full 01750/10000] total=0.4726 kd=0.0091 action=0.9361 lr=1.00e-06 grad_norm=5.5473
I0624 00:35:23.711377 129526284420928 train_repair_mainb.py:312] [full 01800/10000] total=0.5490 kd=0.0098 action=1.0882 lr=1.00e-06 grad_norm=4.0423 | preserve_action=1.0356
I0624 00:36:33.584161 129526284420928 train_repair_mainb.py:312] [full 01850/10000] total=0.5024 kd=0.0100 action=0.9949 lr=1.00e-06 grad_norm=4.5071
I0624 00:37:44.282110 129526284420928 train_repair_mainb.py:312] [full 01900/10000] total=0.4315 kd=0.0098 action=0.8532 lr=1.00e-06 grad_norm=3.8732 | preserve_action=1.0046
I0624 00:38:54.397955 129526284420928 train_repair_mainb.py:312] [full 01950/10000] total=0.5185 kd=0.0100 action=1.0270 lr=1.00e-06 grad_norm=4.1684
I0624 00:40:02.714915 129526284420928 checkpointer.py:134] Saving item to v2_runs/mainb_oxeonly_rhoR000_control/2000.orbax-checkpoint-tmp-1782261602692669/default.
I0624 00:40:07.819682 129526284420928 utils.py:529] Renaming v2_runs/mainb_oxeonly_rhoR000_control/2000.orbax-checkpoint-tmp-1782261602692669/default.orbax-checkpoint-tmp-1782261602717164 to v2_runs/mainb_oxeonly_rhoR000_control/2000.orbax-checkpoint-tmp-1782261602692669/default
I0624 00:40:07.825494 129526284420928 utils.py:573] Finished saving checkpoint to `v2_runs/mainb_oxeonly_rhoR000_control/2000.orbax-checkpoint-tmp-1782261602692669/default`.
I0624 00:40:07.833307 129526284420928 utils.py:529] Renaming v2_runs/mainb_oxeonly_rhoR000_control/2000.orbax-checkpoint-tmp-1782261602692669 to v2_runs/mainb_oxeonly_rhoR000_control/2000
I0624 00:40:07.879060 129526284420928 checkpointer.py:134] Saving item to v2_runs/mainb_oxeonly_rhoR000_control/state/2000.orbax-checkpoint-tmp-1782261607856572/default.
I0624 00:40:17.764766 129526284420928 utils.py:529] Renaming v2_runs/mainb_oxeonly_rhoR000_control/state/2000.orbax-checkpoint-tmp-1782261607856572/default.orbax-checkpoint-tmp-1782261607881031 to v2_runs/mainb_oxeonly_rhoR000_control/state/2000.orbax-checkpoint-tmp-1782261607856572/default
I0624 00:40:17.767926 129526284420928 utils.py:573] Finished saving checkpoint to `v2_runs/mainb_oxeonly_rhoR000_control/state/2000.orbax-checkpoint-tmp-1782261607856572/default`.
I0624 00:40:17.777285 129526284420928 checkpoint_manager.py:832] Deleting Checkpoint[step=1500 | time=2026-06-24 00:28:18.622386+00:00]: (Reason: old checkpoint).
I0624 00:40:17.780249 129526284420928 utils.py:529] Renaming v2_runs/mainb_oxeonly_rhoR000_control/state/2000.orbax-checkpoint-tmp-1782261607856572 to v2_runs/mainb_oxeonly_rhoR000_control/state/2000
I0624 00:40:17.956932 129526284420928 train_repair_mainb.py:323] 💾 saved checkpoint @ step 2000 -> v2_runs/mainb_oxeonly_rhoR000_control
I0624 00:40:20.073056 129526284420928 train_repair_mainb.py:312] [full 02000/10000] total=0.5297 kd=0.0101 action=1.0492 lr=1.00e-06 grad_norm=4.3195 | preserve_action=1.0342
I0624 00:41:29.888527 129526284420928 train_repair_mainb.py:312] [full 02050/10000] total=0.4721 kd=0.0096 action=0.9346 lr=1.00e-06 grad_norm=5.3524
I0624 00:42:40.177486 129526284420928 train_repair_mainb.py:312] [full 02100/10000] total=0.4171 kd=0.0095 action=0.8247 lr=1.00e-06 grad_norm=4.0971 | preserve_action=1.0162
I0624 00:43:49.585042 129526284420928 train_repair_mainb.py:312] [full 02150/10000] total=0.4794 kd=0.0102 action=0.9485 lr=1.00e-06 grad_norm=4.3702
I0624 00:45:00.183450 129526284420928 train_repair_mainb.py:312] [full 02200/10000] total=0.5807 kd=0.0105 action=1.1509 lr=1.00e-06 grad_norm=4.2375 | preserve_action=1.1239
I0624 00:46:10.099816 129526284420928 train_repair_mainb.py:312] [full 02250/10000] total=0.4745 kd=0.0094 action=0.9396 lr=1.00e-06 grad_norm=4.5617
I0624 00:47:20.882823 129526284420928 train_repair_mainb.py:312] [full 02300/10000] total=0.4653 kd=0.0094 action=0.9211 lr=1.00e-06 grad_norm=4.0767 | preserve_action=0.9115
I0624 00:48:31.396862 129526284420928 train_repair_mainb.py:312] [full 02350/10000] total=0.5526 kd=0.0097 action=1.0956 lr=1.00e-06 grad_norm=4.4265
I0624 00:49:41.688597 129526284420928 train_repair_mainb.py:312] [full 02400/10000] total=0.4824 kd=0.0096 action=0.9552 lr=1.00e-06 grad_norm=4.4868 | preserve_action=0.8937
I0624 00:50:51.845334 129526284420928 train_repair_mainb.py:312] [full 02450/10000] total=0.4918 kd=0.0103 action=0.9732 lr=1.00e-06 grad_norm=3.9147
I0624 00:52:00.416712 129526284420928 checkpointer.py:134] Saving item to v2_runs/mainb_oxeonly_rhoR000_control/2500.orbax-checkpoint-tmp-1782262320394592/default.
I0624 00:52:05.125643 129526284420928 utils.py:529] Renaming v2_runs/mainb_oxeonly_rhoR000_control/2500.orbax-checkpoint-tmp-1782262320394592/default.orbax-checkpoint-tmp-1782262320418900 to v2_runs/mainb_oxeonly_rhoR000_control/2500.orbax-checkpoint-tmp-1782262320394592/default
I0624 00:52:05.129173 129526284420928 utils.py:573] Finished saving checkpoint to `v2_runs/mainb_oxeonly_rhoR000_control/2500.orbax-checkpoint-tmp-1782262320394592/default`.
I0624 00:52:05.132659 129526284420928 utils.py:529] Renaming v2_runs/mainb_oxeonly_rhoR000_control/2500.orbax-checkpoint-tmp-1782262320394592 to v2_runs/mainb_oxeonly_rhoR000_control/2500
I0624 00:52:05.155231 129526284420928 checkpointer.py:134] Saving item to v2_runs/mainb_oxeonly_rhoR000_control/state/2500.orbax-checkpoint-tmp-1782262325147784/default.
I0624 00:52:14.955749 129526284420928 utils.py:529] Renaming v2_runs/mainb_oxeonly_rhoR000_control/state/2500.orbax-checkpoint-tmp-1782262325147784/default.orbax-checkpoint-tmp-1782262325156263 to v2_runs/mainb_oxeonly_rhoR000_control/state/2500.orbax-checkpoint-tmp-1782262325147784/default
I0624 00:52:14.958549 129526284420928 utils.py:573] Finished saving checkpoint to `v2_runs/mainb_oxeonly_rhoR000_control/state/2500.orbax-checkpoint-tmp-1782262325147784/default`.
I0624 00:52:14.964634 129526284420928 checkpoint_manager.py:832] Deleting Checkpoint[step=2000 | time=2026-06-24 00:40:17.769977+00:00]: (Reason: old checkpoint).
I0624 00:52:14.966959 129526284420928 utils.py:529] Renaming v2_runs/mainb_oxeonly_rhoR000_control/state/2500.orbax-checkpoint-tmp-1782262325147784 to v2_runs/mainb_oxeonly_rhoR000_control/state/2500
I0624 00:52:15.180241 129526284420928 train_repair_mainb.py:323] 💾 saved checkpoint @ step 2500 -> v2_runs/mainb_oxeonly_rhoR000_control
I0624 00:52:17.580773 129526284420928 train_repair_mainb.py:312] [full 02500/10000] total=0.5154 kd=0.0095 action=1.0212 lr=1.00e-06 grad_norm=4.7849 | preserve_action=1.0257
I0624 00:53:27.289604 129526284420928 train_repair_mainb.py:312] [full 02550/10000] total=0.4707 kd=0.0101 action=0.9313 lr=1.00e-06 grad_norm=4.4130
I0624 00:54:37.787113 129526284420928 train_repair_mainb.py:312] [full 02600/10000] total=0.4738 kd=0.0100 action=0.9376 lr=1.00e-06 grad_norm=4.1696 | preserve_action=0.9945
I0624 00:55:47.585296 129526284420928 train_repair_mainb.py:312] [full 02650/10000] total=0.6144 kd=0.0103 action=1.2186 lr=1.00e-06 grad_norm=4.0912
I0624 00:56:57.978988 129526284420928 train_repair_mainb.py:312] [full 02700/10000] total=0.4599 kd=0.0098 action=0.9099 lr=1.00e-06 grad_norm=4.5975 | preserve_action=0.9095
I0624 00:58:08.387612 129526284420928 train_repair_mainb.py:312] [full 02750/10000] total=0.4299 kd=0.0099 action=0.8499 lr=1.00e-06 grad_norm=3.7798
I0624 00:59:18.788558 129526284420928 train_repair_mainb.py:312] [full 02800/10000] total=0.4351 kd=0.0100 action=0.8602 lr=1.00e-06 grad_norm=3.9045 | preserve_action=0.9343
I0624 01:00:28.581694 129526284420928 train_repair_mainb.py:312] [full 02850/10000] total=0.4964 kd=0.0102 action=0.9826 lr=1.00e-06 grad_norm=4.2949
I0624 01:01:39.083879 129526284420928 train_repair_mainb.py:312] [full 02900/10000] total=0.4790 kd=0.0099 action=0.9481 lr=1.00e-06 grad_norm=4.2685 | preserve_action=0.9652
I0624 01:02:49.387568 129526284420928 train_repair_mainb.py:312] [full 02950/10000] total=0.4591 kd=0.0098 action=0.9084 lr=1.00e-06 grad_norm=4.7625
I0624 01:03:57.814557 129526284420928 checkpointer.py:134] Saving item to v2_runs/mainb_oxeonly_rhoR000_control/3000.orbax-checkpoint-tmp-1782263037791676/default.
I0624 01:04:02.934435 129526284420928 utils.py:529] Renaming v2_runs/mainb_oxeonly_rhoR000_control/3000.orbax-checkpoint-tmp-1782263037791676/default.orbax-checkpoint-tmp-1782263037817492 to v2_runs/mainb_oxeonly_rhoR000_control/3000.orbax-checkpoint-tmp-1782263037791676/default
I0624 01:04:02.937604 129526284420928 utils.py:573] Finished saving checkpoint to `v2_runs/mainb_oxeonly_rhoR000_control/3000.orbax-checkpoint-tmp-1782263037791676/default`.
I0624 01:04:02.940279 129526284420928 utils.py:529] Renaming v2_runs/mainb_oxeonly_rhoR000_control/3000.orbax-checkpoint-tmp-1782263037791676 to v2_runs/mainb_oxeonly_rhoR000_control/3000
I0624 01:04:02.958666 129526284420928 checkpointer.py:134] Saving item to v2_runs/mainb_oxeonly_rhoR000_control/state/3000.orbax-checkpoint-tmp-1782263042951966/default.
I0624 01:04:12.815223 129526284420928 utils.py:529] Renaming v2_runs/mainb_oxeonly_rhoR000_control/state/3000.orbax-checkpoint-tmp-1782263042951966/default.orbax-checkpoint-tmp-1782263042960180 to v2_runs/mainb_oxeonly_rhoR000_control/state/3000.orbax-checkpoint-tmp-1782263042951966/default
I0624 01:04:12.818232 129526284420928 utils.py:573] Finished saving checkpoint to `v2_runs/mainb_oxeonly_rhoR000_control/state/3000.orbax-checkpoint-tmp-1782263042951966/default`.
I0624 01:04:12.824314 129526284420928 checkpoint_manager.py:832] Deleting Checkpoint[step=2500 | time=2026-06-24 00:52:14.960508+00:00]: (Reason: old checkpoint).
I0624 01:04:12.826268 129526284420928 utils.py:529] Renaming v2_runs/mainb_oxeonly_rhoR000_control/state/3000.orbax-checkpoint-tmp-1782263042951966 to v2_runs/mainb_oxeonly_rhoR000_control/state/3000
I0624 01:04:13.046173 129526284420928 train_repair_mainb.py:323] 💾 saved checkpoint @ step 3000 -> v2_runs/mainb_oxeonly_rhoR000_control
I0624 01:04:15.266605 129526284420928 train_repair_mainb.py:312] [full 03000/10000] total=0.4919 kd=0.0100 action=0.9739 lr=1.00e-06 grad_norm=4.1362 | preserve_action=1.0505
I0624 01:05:24.938740 129526284420928 train_repair_mainb.py:312] [full 03050/10000] total=0.5087 kd=0.0100 action=1.0073 lr=1.00e-06 grad_norm=3.9429
I0624 01:06:35.481263 129526284420928 train_repair_mainb.py:312] [full 03100/10000] total=0.4533 kd=0.0101 action=0.8964 lr=1.00e-06 grad_norm=4.5765 | preserve_action=1.0660
I0624 01:07:45.691672 129526284420928 train_repair_mainb.py:312] [full 03150/10000] total=0.5590 kd=0.0097 action=1.1084 lr=1.00e-06 grad_norm=4.8539
I0624 01:08:56.285119 129526284420928 train_repair_mainb.py:312] [full 03200/10000] total=0.5770 kd=0.0106 action=1.1433 lr=1.00e-06 grad_norm=4.5537 | preserve_action=1.1024
I0624 01:10:06.290875 129526284420928 train_repair_mainb.py:312] [full 03250/10000] total=0.5177 kd=0.0105 action=1.0249 lr=1.00e-06 grad_norm=5.0632
I0624 01:11:16.893610 129526284420928 train_repair_mainb.py:312] [full 03300/10000] total=0.5385 kd=0.0100 action=1.0669 lr=1.00e-06 grad_norm=4.6629 | preserve_action=1.0311
I0624 01:12:26.583042 129526284420928 train_repair_mainb.py:312] [full 03350/10000] total=0.5101 kd=0.0098 action=1.0104 lr=1.00e-06 grad_norm=4.3126
I0624 01:13:36.885673 129526284420928 train_repair_mainb.py:312] [full 03400/10000] total=0.4823 kd=0.0103 action=0.9542 lr=1.00e-06 grad_norm=4.4065 | preserve_action=0.9336
I0624 01:14:46.675116 129526284420928 train_repair_mainb.py:312] [full 03450/10000] total=0.4646 kd=0.0100 action=0.9192 lr=1.00e-06 grad_norm=4.5158
I0624 01:15:55.115426 129526284420928 checkpointer.py:134] Saving item to v2_runs/mainb_oxeonly_rhoR000_control/3500.orbax-checkpoint-tmp-1782263755091593/default.
I0624 01:15:59.871255 129526284420928 utils.py:529] Renaming v2_runs/mainb_oxeonly_rhoR000_control/3500.orbax-checkpoint-tmp-1782263755091593/default.orbax-checkpoint-tmp-1782263755117962 to v2_runs/mainb_oxeonly_rhoR000_control/3500.orbax-checkpoint-tmp-1782263755091593/default
I0624 01:15:59.875591 129526284420928 utils.py:573] Finished saving checkpoint to `v2_runs/mainb_oxeonly_rhoR000_control/3500.orbax-checkpoint-tmp-1782263755091593/default`.
I0624 01:15:59.879108 129526284420928 utils.py:529] Renaming v2_runs/mainb_oxeonly_rhoR000_control/3500.orbax-checkpoint-tmp-1782263755091593 to v2_runs/mainb_oxeonly_rhoR000_control/3500
I0624 01:15:59.899408 129526284420928 checkpointer.py:134] Saving item to v2_runs/mainb_oxeonly_rhoR000_control/state/3500.orbax-checkpoint-tmp-1782263759892354/default.
I0624 01:16:09.714468 129526284420928 utils.py:529] Renaming v2_runs/mainb_oxeonly_rhoR000_control/state/3500.orbax-checkpoint-tmp-1782263759892354/default.orbax-checkpoint-tmp-1782263759906145 to v2_runs/mainb_oxeonly_rhoR000_control/state/3500.orbax-checkpoint-tmp-1782263759892354/default
I0624 01:16:09.717114 129526284420928 utils.py:573] Finished saving checkpoint to `v2_runs/mainb_oxeonly_rhoR000_control/state/3500.orbax-checkpoint-tmp-1782263759892354/default`.
I0624 01:16:09.721885 129526284420928 checkpoint_manager.py:832] Deleting Checkpoint[step=3000 | time=2026-06-24 01:04:12.820294+00:00]: (Reason: old checkpoint).
I0624 01:16:09.723308 129526284420928 utils.py:529] Renaming v2_runs/mainb_oxeonly_rhoR000_control/state/3500.orbax-checkpoint-tmp-1782263759892354 to v2_runs/mainb_oxeonly_rhoR000_control/state/3500
I0624 01:16:09.929585 129526284420928 train_repair_mainb.py:323] 💾 saved checkpoint @ step 3500 -> v2_runs/mainb_oxeonly_rhoR000_control
I0624 01:16:12.054761 129526284420928 train_repair_mainb.py:312] [full 03500/10000] total=0.4970 kd=0.0096 action=0.9844 lr=1.00e-06 grad_norm=4.2887 | preserve_action=1.0939
I0624 01:17:22.476667 129526284420928 train_repair_mainb.py:312] [full 03550/10000] total=0.5719 kd=0.0097 action=1.1341 lr=1.00e-06 grad_norm=4.9250
I0624 01:18:32.987388 129526284420928 train_repair_mainb.py:312] [full 03600/10000] total=0.4490 kd=0.0092 action=0.8888 lr=1.00e-06 grad_norm=4.1543 | preserve_action=1.0372
I0624 01:19:43.092966 129526284420928 train_repair_mainb.py:312] [full 03650/10000] total=0.4404 kd=0.0101 action=0.8708 lr=1.00e-06 grad_norm=3.8583
I0624 01:20:53.582849 129526284420928 train_repair_mainb.py:312] [full 03700/10000] total=0.5570 kd=0.0107 action=1.1034 lr=1.00e-06 grad_norm=4.4123 | preserve_action=1.0222
I0624 01:22:03.479523 129526284420928 train_repair_mainb.py:312] [full 03750/10000] total=0.5035 kd=0.0099 action=0.9970 lr=1.00e-06 grad_norm=4.3916
I0624 01:23:13.866209 129526284420928 train_repair_mainb.py:312] [full 03800/10000] total=0.4876 kd=0.0096 action=0.9655 lr=1.00e-06 grad_norm=4.1237 | preserve_action=1.0884
I0624 01:24:23.788705 129526284420928 train_repair_mainb.py:312] [full 03850/10000] total=0.4408 kd=0.0094 action=0.8721 lr=1.00e-06 grad_norm=4.4354
I0624 01:25:34.497464 129526284420928 train_repair_mainb.py:312] [full 03900/10000] total=0.4546 kd=0.0090 action=0.9002 lr=1.00e-06 grad_norm=4.4291 | preserve_action=0.8845
I0624 01:26:45.008665 129526284420928 train_repair_mainb.py:312] [full 03950/10000] total=0.4911 kd=0.0094 action=0.9728 lr=1.00e-06 grad_norm=4.6168
I0624 01:27:53.519103 129526284420928 checkpointer.py:134] Saving item to v2_runs/mainb_oxeonly_rhoR000_control/4000.orbax-checkpoint-tmp-1782264473500352/default.
I0624 01:27:58.739528 129526284420928 utils.py:529] Renaming v2_runs/mainb_oxeonly_rhoR000_control/4000.orbax-checkpoint-tmp-1782264473500352/default.orbax-checkpoint-tmp-1782264473521941 to v2_runs/mainb_oxeonly_rhoR000_control/4000.orbax-checkpoint-tmp-1782264473500352/default
I0624 01:27:58.742491 129526284420928 utils.py:573] Finished saving checkpoint to `v2_runs/mainb_oxeonly_rhoR000_control/4000.orbax-checkpoint-tmp-1782264473500352/default`.
I0624 01:27:58.749320 129526284420928 utils.py:529] Renaming v2_runs/mainb_oxeonly_rhoR000_control/4000.orbax-checkpoint-tmp-1782264473500352 to v2_runs/mainb_oxeonly_rhoR000_control/4000
I0624 01:27:58.775829 129526284420928 checkpointer.py:134] Saving item to v2_runs/mainb_oxeonly_rhoR000_control/state/4000.orbax-checkpoint-tmp-1782264478765864/default.
I0624 01:28:08.777091 129526284420928 utils.py:529] Renaming v2_runs/mainb_oxeonly_rhoR000_control/state/4000.orbax-checkpoint-tmp-1782264478765864/default.orbax-checkpoint-tmp-1782264478777162 to v2_runs/mainb_oxeonly_rhoR000_control/state/4000.orbax-checkpoint-tmp-1782264478765864/default
I0624 01:28:08.781158 129526284420928 utils.py:573] Finished saving checkpoint to `v2_runs/mainb_oxeonly_rhoR000_control/state/4000.orbax-checkpoint-tmp-1782264478765864/default`.
I0624 01:28:08.788199 129526284420928 checkpoint_manager.py:832] Deleting Checkpoint[step=3500 | time=2026-06-24 01:16:09.718532+00:00]: (Reason: old checkpoint).
I0624 01:28:08.790783 129526284420928 utils.py:529] Renaming v2_runs/mainb_oxeonly_rhoR000_control/state/4000.orbax-checkpoint-tmp-1782264478765864 to v2_runs/mainb_oxeonly_rhoR000_control/state/4000
I0624 01:28:09.068641 129526284420928 train_repair_mainb.py:323] 💾 saved checkpoint @ step 4000 -> v2_runs/mainb_oxeonly_rhoR000_control
I0624 01:28:11.381086 129526284420928 train_repair_mainb.py:312] [full 04000/10000] total=0.4593 kd=0.0095 action=0.9092 lr=1.00e-06 grad_norm=4.4081 | preserve_action=0.9701
I0624 01:29:21.386585 129526284420928 train_repair_mainb.py:312] [full 04050/10000] total=0.4681 kd=0.0097 action=0.9265 lr=1.00e-06 grad_norm=3.8716
I0624 01:30:31.988921 129526284420928 train_repair_mainb.py:312] [full 04100/10000] total=0.5320 kd=0.0099 action=1.0540 lr=1.00e-06 grad_norm=4.3305 | preserve_action=1.0538
I0624 01:31:41.995618 129526284420928 train_repair_mainb.py:312] [full 04150/10000] total=0.4354 kd=0.0101 action=0.8606 lr=1.00e-06 grad_norm=3.9803
I0624 01:32:52.998555 129526284420928 train_repair_mainb.py:312] [full 04200/10000] total=0.4567 kd=0.0100 action=0.9034 lr=1.00e-06 grad_norm=4.0351 | preserve_action=1.0282
I0624 01:34:02.896821 129526284420928 train_repair_mainb.py:312] [full 04250/10000] total=0.5568 kd=0.0096 action=1.1039 lr=1.00e-06 grad_norm=4.1692
I0624 01:35:13.484676 129526284420928 train_repair_mainb.py:312] [full 04300/10000] total=0.4690 kd=0.0098 action=0.9282 lr=1.00e-06 grad_norm=4.4220 | preserve_action=0.9875
I0624 01:36:24.192731 129526284420928 train_repair_mainb.py:312] [full 04350/10000] total=0.4556 kd=0.0102 action=0.9011 lr=1.00e-06 grad_norm=4.1546
I0624 01:37:41.964795 129526284420928 train_repair_mainb.py:312] [full 04400/10000] total=0.4496 kd=0.0104 action=0.8888 lr=1.00e-06 grad_norm=3.6706 | preserve_action=0.9868
I0624 01:38:51.606448 129526284420928 train_repair_mainb.py:312] [full 04450/10000] total=0.4931 kd=0.0098 action=0.9764 lr=1.00e-06 grad_norm=4.5392
I0624 01:40:00.209990 129526284420928 checkpointer.py:134] Saving item to v2_runs/mainb_oxeonly_rhoR000_control/4500.orbax-checkpoint-tmp-1782265200191082/default.
I0624 01:40:05.214997 129526284420928 utils.py:529] Renaming v2_runs/mainb_oxeonly_rhoR000_control/4500.orbax-checkpoint-tmp-1782265200191082/default.orbax-checkpoint-tmp-1782265200211592 to v2_runs/mainb_oxeonly_rhoR000_control/4500.orbax-checkpoint-tmp-1782265200191082/default
I0624 01:40:05.218969 129526284420928 utils.py:573] Finished saving checkpoint to `v2_runs/mainb_oxeonly_rhoR000_control/4500.orbax-checkpoint-tmp-1782265200191082/default`.
I0624 01:40:05.222608 129526284420928 utils.py:529] Renaming v2_runs/mainb_oxeonly_rhoR000_control/4500.orbax-checkpoint-tmp-1782265200191082 to v2_runs/mainb_oxeonly_rhoR000_control/4500
I0624 01:40:05.247971 129526284420928 checkpointer.py:134] Saving item to v2_runs/mainb_oxeonly_rhoR000_control/state/4500.orbax-checkpoint-tmp-1782265205238517/default.
I0624 01:40:15.414009 129526284420928 utils.py:529] Renaming v2_runs/mainb_oxeonly_rhoR000_control/state/4500.orbax-checkpoint-tmp-1782265205238517/default.orbax-checkpoint-tmp-1782265205249410 to v2_runs/mainb_oxeonly_rhoR000_control/state/4500.orbax-checkpoint-tmp-1782265205238517/default
I0624 01:40:15.417213 129526284420928 utils.py:573] Finished saving checkpoint to `v2_runs/mainb_oxeonly_rhoR000_control/state/4500.orbax-checkpoint-tmp-1782265205238517/default`.
I0624 01:40:15.422626 129526284420928 checkpoint_manager.py:832] Deleting Checkpoint[step=4000 | time=2026-06-24 01:28:08.783931+00:00]: (Reason: old checkpoint).
I0624 01:40:15.424638 129526284420928 utils.py:529] Renaming v2_runs/mainb_oxeonly_rhoR000_control/state/4500.orbax-checkpoint-tmp-1782265205238517 to v2_runs/mainb_oxeonly_rhoR000_control/state/4500
I0624 01:40:15.642020 129526284420928 train_repair_mainb.py:323] 💾 saved checkpoint @ step 4500 -> v2_runs/mainb_oxeonly_rhoR000_control
I0624 01:40:17.939770 129526284420928 train_repair_mainb.py:312] [full 04500/10000] total=0.4816 kd=0.0102 action=0.9530 lr=1.00e-06 grad_norm=3.7196 | preserve_action=1.0572
I0624 01:41:27.907570 129526284420928 train_repair_mainb.py:312] [full 04550/10000] total=0.4968 kd=0.0094 action=0.9843 lr=1.00e-06 grad_norm=3.9386
I0624 01:42:38.580730 129526284420928 train_repair_mainb.py:312] [full 04600/10000] total=0.4322 kd=0.0094 action=0.8549 lr=1.00e-06 grad_norm=3.7849 | preserve_action=0.9311
I0624 01:43:48.599423 129526284420928 train_repair_mainb.py:312] [full 04650/10000] total=0.5301 kd=0.0097 action=1.0505 lr=1.00e-06 grad_norm=4.5389
I0624 01:44:59.297646 129526284420928 train_repair_mainb.py:312] [full 04700/10000] total=0.5324 kd=0.0096 action=1.0552 lr=1.00e-06 grad_norm=3.6546 | preserve_action=1.0147
I0624 01:46:38.395535 129526284420928 train_repair_mainb.py:312] [full 04750/10000] total=0.5757 kd=0.0097 action=1.1417 lr=1.00e-06 grad_norm=4.2083
I0624 01:47:49.095971 129526284420928 train_repair_mainb.py:312] [full 04800/10000] total=0.5236 kd=0.0095 action=1.0377 lr=1.00e-06 grad_norm=4.8203 | preserve_action=1.1363
I0624 01:48:59.086469 129526284420928 train_repair_mainb.py:312] [full 04850/10000] total=0.5140 kd=0.0099 action=1.0180 lr=1.00e-06 grad_norm=4.0242
I0624 01:50:10.135245 129526284420928 train_repair_mainb.py:312] [full 04900/10000] total=0.4538 kd=0.0098 action=0.8978 lr=1.00e-06 grad_norm=3.9269 | preserve_action=1.0548
I0624 01:51:20.006671 129526284420928 train_repair_mainb.py:312] [full 04950/10000] total=0.5211 kd=0.0095 action=1.0328 lr=1.00e-06 grad_norm=5.0550
I0624 01:52:28.618231 129526284420928 checkpointer.py:134] Saving item to v2_runs/mainb_oxeonly_rhoR000_control/5000.orbax-checkpoint-tmp-1782265948597133/default.
I0624 01:52:33.693852 129526284420928 utils.py:529] Renaming v2_runs/mainb_oxeonly_rhoR000_control/5000.orbax-checkpoint-tmp-1782265948597133/default.orbax-checkpoint-tmp-1782265948622048 to v2_runs/mainb_oxeonly_rhoR000_control/5000.orbax-checkpoint-tmp-1782265948597133/default
I0624 01:52:33.697686 129526284420928 utils.py:573] Finished saving checkpoint to `v2_runs/mainb_oxeonly_rhoR000_control/5000.orbax-checkpoint-tmp-1782265948597133/default`.
I0624 01:52:33.711437 129526284420928 utils.py:529] Renaming v2_runs/mainb_oxeonly_rhoR000_control/5000.orbax-checkpoint-tmp-1782265948597133 to v2_runs/mainb_oxeonly_rhoR000_control/5000
I0624 01:52:33.810630 129526284420928 checkpointer.py:134] Saving item to v2_runs/mainb_oxeonly_rhoR000_control/state/5000.orbax-checkpoint-tmp-1782265953784390/default.
I0624 01:52:43.431784 129526284420928 utils.py:529] Renaming v2_runs/mainb_oxeonly_rhoR000_control/state/5000.orbax-checkpoint-tmp-1782265953784390/default.orbax-checkpoint-tmp-1782265953813198 to v2_runs/mainb_oxeonly_rhoR000_control/state/5000.orbax-checkpoint-tmp-1782265953784390/default
I0624 01:52:43.436064 129526284420928 utils.py:573] Finished saving checkpoint to `v2_runs/mainb_oxeonly_rhoR000_control/state/5000.orbax-checkpoint-tmp-1782265953784390/default`.
I0624 01:52:43.460286 129526284420928 checkpoint_manager.py:832] Deleting Checkpoint[step=4500 | time=2026-06-24 01:40:15.419097+00:00]: (Reason: old checkpoint).
I0624 01:52:43.464757 129526284420928 utils.py:529] Renaming v2_runs/mainb_oxeonly_rhoR000_control/state/5000.orbax-checkpoint-tmp-1782265953784390 to v2_runs/mainb_oxeonly_rhoR000_control/state/5000
I0624 01:52:43.710022 129526284420928 train_repair_mainb.py:323] 💾 saved checkpoint @ step 5000 -> v2_runs/mainb_oxeonly_rhoR000_control
I0624 01:52:45.828376 129526284420928 train_repair_mainb.py:312] [full 05000/10000] total=0.4969 kd=0.0102 action=0.9835 lr=1.00e-06 grad_norm=4.5124 | preserve_action=1.1910
I0624 01:53:55.940952 129526284420928 train_repair_mainb.py:312] [full 05050/10000] total=0.4870 kd=0.0099 action=0.9640 lr=1.00e-06 grad_norm=4.1704
I0624 01:55:06.685070 129526284420928 train_repair_mainb.py:312] [full 05100/10000] total=0.4560 kd=0.0103 action=0.9017 lr=1.00e-06 grad_norm=4.4428 | preserve_action=1.0790
I0624 01:56:17.396409 129526284420928 train_repair_mainb.py:312] [full 05150/10000] total=0.5432 kd=0.0095 action=1.0769 lr=1.00e-06 grad_norm=3.9380
I0624 01:57:28.642084 129526284420928 train_repair_mainb.py:312] [full 05200/10000] total=0.5525 kd=0.0097 action=1.0953 lr=1.00e-06 grad_norm=3.9866 | preserve_action=0.8597
I0624 01:58:38.688411 129526284420928 train_repair_mainb.py:312] [full 05250/10000] total=0.5690 kd=0.0095 action=1.1284 lr=1.00e-06 grad_norm=4.0325
I0624 01:59:49.505552 129526284420928 train_repair_mainb.py:312] [full 05300/10000] total=0.5109 kd=0.0101 action=1.0118 lr=1.00e-06 grad_norm=4.6499 | preserve_action=1.0234
I0624 02:00:59.678768 129526284420928 train_repair_mainb.py:312] [full 05350/10000] total=0.4116 kd=0.0103 action=0.8129 lr=1.00e-06 grad_norm=3.9212
I0624 02:02:10.380429 129526284420928 train_repair_mainb.py:312] [full 05400/10000] total=0.5510 kd=0.0102 action=1.0917 lr=1.00e-06 grad_norm=4.5137 | preserve_action=1.1698
I0624 02:03:20.394446 129526284420928 train_repair_mainb.py:312] [full 05450/10000] total=0.4676 kd=0.0096 action=0.9255 lr=1.00e-06 grad_norm=4.8391
I0624 02:04:28.927645 129526284420928 checkpointer.py:134] Saving item to v2_runs/mainb_oxeonly_rhoR000_control/5500.orbax-checkpoint-tmp-1782266668912957/default.
I0624 02:04:34.317454 129526284420928 utils.py:529] Renaming v2_runs/mainb_oxeonly_rhoR000_control/5500.orbax-checkpoint-tmp-1782266668912957/default.orbax-checkpoint-tmp-1782266668930977 to v2_runs/mainb_oxeonly_rhoR000_control/5500.orbax-checkpoint-tmp-1782266668912957/default
I0624 02:04:34.322066 129526284420928 utils.py:573] Finished saving checkpoint to `v2_runs/mainb_oxeonly_rhoR000_control/5500.orbax-checkpoint-tmp-1782266668912957/default`.
I0624 02:04:34.325639 129526284420928 utils.py:529] Renaming v2_runs/mainb_oxeonly_rhoR000_control/5500.orbax-checkpoint-tmp-1782266668912957 to v2_runs/mainb_oxeonly_rhoR000_control/5500
I0624 02:04:34.348393 129526284420928 checkpointer.py:134] Saving item to v2_runs/mainb_oxeonly_rhoR000_control/state/5500.orbax-checkpoint-tmp-1782266674338916/default.
I0624 02:04:44.434726 129526284420928 utils.py:529] Renaming v2_runs/mainb_oxeonly_rhoR000_control/state/5500.orbax-checkpoint-tmp-1782266674338916/default.orbax-checkpoint-tmp-1782266674350563 to v2_runs/mainb_oxeonly_rhoR000_control/state/5500.orbax-checkpoint-tmp-1782266674338916/default
I0624 02:04:44.437565 129526284420928 utils.py:573] Finished saving checkpoint to `v2_runs/mainb_oxeonly_rhoR000_control/state/5500.orbax-checkpoint-tmp-1782266674338916/default`.
I0624 02:04:44.442544 129526284420928 checkpoint_manager.py:832] Deleting Checkpoint[step=5000 | time=2026-06-24 01:52:43.438557+00:00]: (Reason: old checkpoint).
I0624 02:04:44.444246 129526284420928 utils.py:529] Renaming v2_runs/mainb_oxeonly_rhoR000_control/state/5500.orbax-checkpoint-tmp-1782266674338916 to v2_runs/mainb_oxeonly_rhoR000_control/state/5500
I0624 02:04:44.610676 129526284420928 train_repair_mainb.py:323] 💾 saved checkpoint @ step 5500 -> v2_runs/mainb_oxeonly_rhoR000_control
I0624 02:04:46.753195 129526284420928 train_repair_mainb.py:312] [full 05500/10000] total=0.4940 kd=0.0102 action=0.9778 lr=1.00e-06 grad_norm=4.9745 | preserve_action=1.1070
I0624 02:05:57.477014 129526284420928 train_repair_mainb.py:312] [full 05550/10000] total=0.4949 kd=0.0099 action=0.9799 lr=1.00e-06 grad_norm=4.4196
I0624 02:07:08.199089 129526284420928 train_repair_mainb.py:312] [full 05600/10000] total=0.5562 kd=0.0095 action=1.1029 lr=1.00e-06 grad_norm=4.8107 | preserve_action=1.1459
I0624 02:08:18.215386 129526284420928 train_repair_mainb.py:312] [full 05650/10000] total=0.4148 kd=0.0095 action=0.8200 lr=1.00e-06 grad_norm=3.9682
I0624 02:09:29.135777 129526284420928 train_repair_mainb.py:312] [full 05700/10000] total=0.4749 kd=0.0101 action=0.9398 lr=1.00e-06 grad_norm=4.9193 | preserve_action=1.0250
I0624 02:10:38.986239 129526284420928 train_repair_mainb.py:312] [full 05750/10000] total=0.4620 kd=0.0098 action=0.9142 lr=1.00e-06 grad_norm=4.0746
I0624 02:11:49.492497 129526284420928 train_repair_mainb.py:312] [full 05800/10000] total=0.5345 kd=0.0102 action=1.0588 lr=1.00e-06 grad_norm=4.9367 | preserve_action=1.1154
I0624 02:12:59.497665 129526284420928 train_repair_mainb.py:312] [full 05850/10000] total=0.4475 kd=0.0099 action=0.8851 lr=1.00e-06 grad_norm=4.2260
I0624 02:14:10.291213 129526284420928 train_repair_mainb.py:312] [full 05900/10000] total=0.4805 kd=0.0099 action=0.9511 lr=1.00e-06 grad_norm=3.6971 | preserve_action=1.1424
I0624 02:15:21.093487 129526284420928 train_repair_mainb.py:312] [full 05950/10000] total=0.4330 kd=0.0105 action=0.8555 lr=1.00e-06 grad_norm=3.9222
I0624 02:17:22.014986 129526284420928 checkpointer.py:134] Saving item to v2_runs/mainb_oxeonly_rhoR000_control/6000.orbax-checkpoint-tmp-1782267441996398/default.
I0624 02:17:26.771307 129526284420928 utils.py:529] Renaming v2_runs/mainb_oxeonly_rhoR000_control/6000.orbax-checkpoint-tmp-1782267441996398/default.orbax-checkpoint-tmp-1782267442017585 to v2_runs/mainb_oxeonly_rhoR000_control/6000.orbax-checkpoint-tmp-1782267441996398/default
I0624 02:17:26.773782 129526284420928 utils.py:573] Finished saving checkpoint to `v2_runs/mainb_oxeonly_rhoR000_control/6000.orbax-checkpoint-tmp-1782267441996398/default`.
I0624 02:17:26.777597 129526284420928 utils.py:529] Renaming v2_runs/mainb_oxeonly_rhoR000_control/6000.orbax-checkpoint-tmp-1782267441996398 to v2_runs/mainb_oxeonly_rhoR000_control/6000
I0624 02:17:26.800320 129526284420928 checkpointer.py:134] Saving item to v2_runs/mainb_oxeonly_rhoR000_control/state/6000.orbax-checkpoint-tmp-1782267446792479/default.
I0624 02:17:36.449093 129526284420928 utils.py:529] Renaming v2_runs/mainb_oxeonly_rhoR000_control/state/6000.orbax-checkpoint-tmp-1782267446792479/default.orbax-checkpoint-tmp-1782267446806918 to v2_runs/mainb_oxeonly_rhoR000_control/state/6000.orbax-checkpoint-tmp-1782267446792479/default
I0624 02:17:36.451995 129526284420928 utils.py:573] Finished saving checkpoint to `v2_runs/mainb_oxeonly_rhoR000_control/state/6000.orbax-checkpoint-tmp-1782267446792479/default`.
I0624 02:17:36.457742 129526284420928 checkpoint_manager.py:832] Deleting Checkpoint[step=5500 | time=2026-06-24 02:04:44.439214+00:00]: (Reason: old checkpoint).
I0624 02:17:36.459494 129526284420928 utils.py:529] Renaming v2_runs/mainb_oxeonly_rhoR000_control/state/6000.orbax-checkpoint-tmp-1782267446792479 to v2_runs/mainb_oxeonly_rhoR000_control/state/6000
I0624 02:17:36.680095 129526284420928 train_repair_mainb.py:323] 💾 saved checkpoint @ step 6000 -> v2_runs/mainb_oxeonly_rhoR000_control
I0624 02:17:38.763950 129526284420928 train_repair_mainb.py:312] [full 06000/10000] total=0.5225 kd=0.0103 action=1.0347 lr=1.00e-06 grad_norm=4.8060 | preserve_action=1.0521
I0624 02:18:48.780945 129526284420928 train_repair_mainb.py:312] [full 06050/10000] total=0.4272 kd=0.0099 action=0.8445 lr=1.00e-06 grad_norm=3.5812
I0624 02:19:59.378129 129526284420928 train_repair_mainb.py:312] [full 06100/10000] total=0.4407 kd=0.0104 action=0.8709 lr=1.00e-06 grad_norm=4.7078 | preserve_action=0.9610
I0624 02:21:09.787810 129526284420928 train_repair_mainb.py:312] [full 06150/10000] total=0.4709 kd=0.0096 action=0.9321 lr=1.00e-06 grad_norm=4.4934
I0624 02:22:20.385289 129526284420928 train_repair_mainb.py:312] [full 06200/10000] total=0.4778 kd=0.0105 action=0.9450 lr=1.00e-06 grad_norm=4.3277 | preserve_action=1.0982
I0624 02:23:30.288815 129526284420928 train_repair_mainb.py:312] [full 06250/10000] total=0.4827 kd=0.0099 action=0.9556 lr=1.00e-06 grad_norm=3.6408
I0624 02:24:40.982451 129526284420928 train_repair_mainb.py:312] [full 06300/10000] total=0.5038 kd=0.0094 action=0.9982 lr=1.00e-06 grad_norm=4.3915 | preserve_action=0.9657
I0624 02:25:51.689218 129526284420928 train_repair_mainb.py:312] [full 06350/10000] total=0.4819 kd=0.0098 action=0.9540 lr=1.00e-06 grad_norm=4.8233
I0624 02:27:02.390303 129526284420928 train_repair_mainb.py:312] [full 06400/10000] total=0.5683 kd=0.0101 action=1.1266 lr=1.00e-06 grad_norm=4.0698 | preserve_action=1.0461
I0624 02:28:12.398704 129526284420928 train_repair_mainb.py:312] [full 06450/10000] total=0.4847 kd=0.0093 action=0.9600 lr=1.00e-06 grad_norm=4.2102
I0624 02:29:20.913346 129526284420928 checkpointer.py:134] Saving item to v2_runs/mainb_oxeonly_rhoR000_control/6500.orbax-checkpoint-tmp-1782268160903710/default.
I0624 02:29:26.331956 129526284420928 utils.py:529] Renaming v2_runs/mainb_oxeonly_rhoR000_control/6500.orbax-checkpoint-tmp-1782268160903710/default.orbax-checkpoint-tmp-1782268160915658 to v2_runs/mainb_oxeonly_rhoR000_control/6500.orbax-checkpoint-tmp-1782268160903710/default
I0624 02:29:26.335926 129526284420928 utils.py:573] Finished saving checkpoint to `v2_runs/mainb_oxeonly_rhoR000_control/6500.orbax-checkpoint-tmp-1782268160903710/default`.
I0624 02:29:26.339698 129526284420928 utils.py:529] Renaming v2_runs/mainb_oxeonly_rhoR000_control/6500.orbax-checkpoint-tmp-1782268160903710 to v2_runs/mainb_oxeonly_rhoR000_control/6500
I0624 02:29:26.360447 129526284420928 checkpointer.py:134] Saving item to v2_runs/mainb_oxeonly_rhoR000_control/state/6500.orbax-checkpoint-tmp-1782268166353275/default.
I0624 02:29:36.697522 129526284420928 utils.py:529] Renaming v2_runs/mainb_oxeonly_rhoR000_control/state/6500.orbax-checkpoint-tmp-1782268166353275/default.orbax-checkpoint-tmp-1782268166361734 to v2_runs/mainb_oxeonly_rhoR000_control/state/6500.orbax-checkpoint-tmp-1782268166353275/default
I0624 02:29:36.707003 129526284420928 utils.py:573] Finished saving checkpoint to `v2_runs/mainb_oxeonly_rhoR000_control/state/6500.orbax-checkpoint-tmp-1782268166353275/default`.
I0624 02:29:36.712544 129526284420928 checkpoint_manager.py:832] Deleting Checkpoint[step=6000 | time=2026-06-24 02:17:36.453810+00:00]: (Reason: old checkpoint).
I0624 02:29:36.714477 129526284420928 utils.py:529] Renaming v2_runs/mainb_oxeonly_rhoR000_control/state/6500.orbax-checkpoint-tmp-1782268166353275 to v2_runs/mainb_oxeonly_rhoR000_control/state/6500
I0624 02:29:36.925393 129526284420928 train_repair_mainb.py:323] 💾 saved checkpoint @ step 6500 -> v2_runs/mainb_oxeonly_rhoR000_control
I0624 02:29:39.066491 129526284420928 train_repair_mainb.py:312] [full 06500/10000] total=0.4851 kd=0.0101 action=0.9601 lr=1.00e-06 grad_norm=4.0261 | preserve_action=1.0924
I0624 02:30:48.998430 129526284420928 train_repair_mainb.py:312] [full 06550/10000] total=0.4940 kd=0.0101 action=0.9780 lr=1.00e-06 grad_norm=4.6107
I0624 02:31:59.470106 129526284420928 train_repair_mainb.py:312] [full 06600/10000] total=0.4216 kd=0.0102 action=0.8330 lr=1.00e-06 grad_norm=3.5963 | preserve_action=1.0569
I0624 02:33:09.495676 129526284420928 train_repair_mainb.py:312] [full 06650/10000] total=0.4508 kd=0.0099 action=0.8917 lr=1.00e-06 grad_norm=4.2420
I0624 02:34:19.885239 129526284420928 train_repair_mainb.py:312] [full 06700/10000] total=0.5302 kd=0.0098 action=1.0506 lr=1.00e-06 grad_norm=4.5398 | preserve_action=0.9161
I0624 02:35:30.501131 129526284420928 train_repair_mainb.py:312] [full 06750/10000] total=0.4345 kd=0.0093 action=0.8598 lr=1.00e-06 grad_norm=4.4007
I0624 02:36:41.186008 129526284420928 train_repair_mainb.py:312] [full 06800/10000] total=0.5099 kd=0.0094 action=1.0105 lr=1.00e-06 grad_norm=4.6112 | preserve_action=1.0359
I0624 02:37:51.096537 129526284420928 train_repair_mainb.py:312] [full 06850/10000] total=0.5025 kd=0.0099 action=0.9951 lr=1.00e-06 grad_norm=3.7450
I0624 02:39:01.447799 129526284420928 train_repair_mainb.py:312] [full 06900/10000] total=0.5350 kd=0.0096 action=1.0603 lr=1.00e-06 grad_norm=3.9398 | preserve_action=1.0806
I0624 02:40:11.258394 129526284420928 train_repair_mainb.py:312] [full 06950/10000] total=0.5204 kd=0.0095 action=1.0314 lr=1.00e-06 grad_norm=5.2282
I0624 02:41:19.813595 129526284420928 checkpointer.py:134] Saving item to v2_runs/mainb_oxeonly_rhoR000_control/7000.orbax-checkpoint-tmp-1782268879798763/default.
I0624 02:41:25.087784 129526284420928 utils.py:529] Renaming v2_runs/mainb_oxeonly_rhoR000_control/7000.orbax-checkpoint-tmp-1782268879798763/default.orbax-checkpoint-tmp-1782268879817372 to v2_runs/mainb_oxeonly_rhoR000_control/7000.orbax-checkpoint-tmp-1782268879798763/default
I0624 02:41:25.091628 129526284420928 utils.py:573] Finished saving checkpoint to `v2_runs/mainb_oxeonly_rhoR000_control/7000.orbax-checkpoint-tmp-1782268879798763/default`.
I0624 02:41:25.097844 129526284420928 utils.py:529] Renaming v2_runs/mainb_oxeonly_rhoR000_control/7000.orbax-checkpoint-tmp-1782268879798763 to v2_runs/mainb_oxeonly_rhoR000_control/7000
I0624 02:41:25.132912 129526284420928 checkpointer.py:134] Saving item to v2_runs/mainb_oxeonly_rhoR000_control/state/7000.orbax-checkpoint-tmp-1782268885122424/default.
I0624 02:41:34.949680 129526284420928 utils.py:529] Renaming v2_runs/mainb_oxeonly_rhoR000_control/state/7000.orbax-checkpoint-tmp-1782268885122424/default.orbax-checkpoint-tmp-1782268885134090 to v2_runs/mainb_oxeonly_rhoR000_control/state/7000.orbax-checkpoint-tmp-1782268885122424/default
I0624 02:41:34.952193 129526284420928 utils.py:573] Finished saving checkpoint to `v2_runs/mainb_oxeonly_rhoR000_control/state/7000.orbax-checkpoint-tmp-1782268885122424/default`.
I0624 02:41:34.957583 129526284420928 checkpoint_manager.py:832] Deleting Checkpoint[step=6500 | time=2026-06-24 02:29:36.709256+00:00]: (Reason: old checkpoint).
I0624 02:41:34.959004 129526284420928 utils.py:529] Renaming v2_runs/mainb_oxeonly_rhoR000_control/state/7000.orbax-checkpoint-tmp-1782268885122424 to v2_runs/mainb_oxeonly_rhoR000_control/state/7000
I0624 02:41:35.139192 129526284420928 train_repair_mainb.py:323] 💾 saved checkpoint @ step 7000 -> v2_runs/mainb_oxeonly_rhoR000_control
I0624 02:41:37.268285 129526284420928 train_repair_mainb.py:312] [full 07000/10000] total=0.4954 kd=0.0100 action=0.9808 lr=1.00e-06 grad_norm=3.9927 | preserve_action=1.0994
I0624 02:42:47.092690 129526284420928 train_repair_mainb.py:312] [full 07050/10000] total=0.3984 kd=0.0097 action=0.7871 lr=1.00e-06 grad_norm=3.6250
I0624 02:43:57.807689 129526284420928 train_repair_mainb.py:312] [full 07100/10000] total=0.4799 kd=0.0095 action=0.9503 lr=1.00e-06 grad_norm=4.7542 | preserve_action=1.0531
I0624 02:45:20.056219 129526284420928 train_repair_mainb.py:312] [full 07150/10000] total=0.5000 kd=0.0091 action=0.9910 lr=1.00e-06 grad_norm=3.9759
I0624 02:47:01.064564 129526284420928 train_repair_mainb.py:312] [full 07200/10000] total=0.4635 kd=0.0093 action=0.9177 lr=1.00e-06 grad_norm=3.6339 | preserve_action=0.9682
I0624 02:48:10.902170 129526284420928 train_repair_mainb.py:312] [full 07250/10000] total=0.4358 kd=0.0097 action=0.8619 lr=1.00e-06 grad_norm=3.9912
I0624 02:49:21.465733 129526284420928 train_repair_mainb.py:312] [full 07300/10000] total=0.4512 kd=0.0098 action=0.8927 lr=1.00e-06 grad_norm=4.4267 | preserve_action=1.0105
I0624 02:50:30.797491 129526284420928 train_repair_mainb.py:312] [full 07350/10000] total=0.4751 kd=0.0093 action=0.9408 lr=1.00e-06 grad_norm=4.1687
I0624 02:51:40.687050 129526284420928 train_repair_mainb.py:312] [full 07400/10000] total=0.4612 kd=0.0099 action=0.9125 lr=1.00e-06 grad_norm=3.5767 | preserve_action=1.0876
I0624 02:52:50.786197 129526284420928 train_repair_mainb.py:312] [full 07450/10000] total=0.5810 kd=0.0095 action=1.1524 lr=1.00e-06 grad_norm=4.6961
I0624 02:53:59.398658 129526284420928 checkpointer.py:134] Saving item to v2_runs/mainb_oxeonly_rhoR000_control/7500.orbax-checkpoint-tmp-1782269639384499/default.
I0624 02:54:04.314493 129526284420928 utils.py:529] Renaming v2_runs/mainb_oxeonly_rhoR000_control/7500.orbax-checkpoint-tmp-1782269639384499/default.orbax-checkpoint-tmp-1782269639410189 to v2_runs/mainb_oxeonly_rhoR000_control/7500.orbax-checkpoint-tmp-1782269639384499/default
I0624 02:54:04.318546 129526284420928 utils.py:573] Finished saving checkpoint to `v2_runs/mainb_oxeonly_rhoR000_control/7500.orbax-checkpoint-tmp-1782269639384499/default`.
I0624 02:54:04.322974 129526284420928 utils.py:529] Renaming v2_runs/mainb_oxeonly_rhoR000_control/7500.orbax-checkpoint-tmp-1782269639384499 to v2_runs/mainb_oxeonly_rhoR000_control/7500
I0624 02:54:04.349574 129526284420928 checkpointer.py:134] Saving item to v2_runs/mainb_oxeonly_rhoR000_control/state/7500.orbax-checkpoint-tmp-1782269644339523/default.
I0624 02:54:13.967158 129526284420928 utils.py:529] Renaming v2_runs/mainb_oxeonly_rhoR000_control/state/7500.orbax-checkpoint-tmp-1782269644339523/default.orbax-checkpoint-tmp-1782269644350730 to v2_runs/mainb_oxeonly_rhoR000_control/state/7500.orbax-checkpoint-tmp-1782269644339523/default
I0624 02:54:13.970659 129526284420928 utils.py:573] Finished saving checkpoint to `v2_runs/mainb_oxeonly_rhoR000_control/state/7500.orbax-checkpoint-tmp-1782269644339523/default`.
I0624 02:54:13.976619 129526284420928 checkpoint_manager.py:832] Deleting Checkpoint[step=7000 | time=2026-06-24 02:41:34.953539+00:00]: (Reason: old checkpoint).
I0624 02:54:13.978338 129526284420928 utils.py:529] Renaming v2_runs/mainb_oxeonly_rhoR000_control/state/7500.orbax-checkpoint-tmp-1782269644339523 to v2_runs/mainb_oxeonly_rhoR000_control/state/7500
I0624 02:54:14.169933 129526284420928 train_repair_mainb.py:323] 💾 saved checkpoint @ step 7500 -> v2_runs/mainb_oxeonly_rhoR000_control
I0624 02:54:16.278685 129526284420928 train_repair_mainb.py:312] [full 07500/10000] total=0.5134 kd=0.0096 action=1.0172 lr=1.00e-06 grad_norm=4.8062 | preserve_action=1.0725
I0624 02:55:26.790661 129526284420928 train_repair_mainb.py:312] [full 07550/10000] total=0.4604 kd=0.0100 action=0.9108 lr=1.00e-06 grad_norm=3.6100
I0624 02:56:37.041073 129526284420928 train_repair_mainb.py:312] [full 07600/10000] total=0.5081 kd=0.0097 action=1.0065 lr=1.00e-06 grad_norm=4.4120 | preserve_action=0.9127
I0624 02:57:46.600059 129526284420928 train_repair_mainb.py:312] [full 07650/10000] total=0.5464 kd=0.0096 action=1.0832 lr=1.00e-06 grad_norm=4.0448
I0624 02:58:56.781683 129526284420928 train_repair_mainb.py:312] [full 07700/10000] total=0.4966 kd=0.0092 action=0.9840 lr=1.00e-06 grad_norm=4.0422 | preserve_action=1.0237
I0624 03:00:06.285399 129526284420928 train_repair_mainb.py:312] [full 07750/10000] total=0.5073 kd=0.0092 action=1.0054 lr=1.00e-06 grad_norm=4.5593
I0624 03:01:17.473765 129526284420928 train_repair_mainb.py:312] [full 07800/10000] total=0.4387 kd=0.0100 action=0.8674 lr=1.00e-06 grad_norm=3.4879 | preserve_action=0.9893
I0624 03:02:27.293969 129526284420928 train_repair_mainb.py:312] [full 07850/10000] total=0.5833 kd=0.0102 action=1.1565 lr=1.00e-06 grad_norm=4.8663
I0624 03:03:37.583582 129526284420928 train_repair_mainb.py:312] [full 07900/10000] total=0.6115 kd=0.0099 action=1.2131 lr=1.00e-06 grad_norm=4.8814 | preserve_action=1.0744
I0624 03:04:47.427835 129526284420928 train_repair_mainb.py:312] [full 07950/10000] total=0.4969 kd=0.0099 action=0.9839 lr=1.00e-06 grad_norm=4.0632
I0624 03:05:55.613828 129526284420928 checkpointer.py:134] Saving item to v2_runs/mainb_oxeonly_rhoR000_control/8000.orbax-checkpoint-tmp-1782270355593086/default.
I0624 03:06:00.210311 129526284420928 utils.py:529] Renaming v2_runs/mainb_oxeonly_rhoR000_control/8000.orbax-checkpoint-tmp-1782270355593086/default.orbax-checkpoint-tmp-1782270355616957 to v2_runs/mainb_oxeonly_rhoR000_control/8000.orbax-checkpoint-tmp-1782270355593086/default
I0624 03:06:00.213436 129526284420928 utils.py:573] Finished saving checkpoint to `v2_runs/mainb_oxeonly_rhoR000_control/8000.orbax-checkpoint-tmp-1782270355593086/default`.
I0624 03:06:00.216310 129526284420928 utils.py:529] Renaming v2_runs/mainb_oxeonly_rhoR000_control/8000.orbax-checkpoint-tmp-1782270355593086 to v2_runs/mainb_oxeonly_rhoR000_control/8000
I0624 03:06:00.239395 129526284420928 checkpointer.py:134] Saving item to v2_runs/mainb_oxeonly_rhoR000_control/state/8000.orbax-checkpoint-tmp-1782270360230908/default.
I0624 03:06:09.784458 129526284420928 utils.py:529] Renaming v2_runs/mainb_oxeonly_rhoR000_control/state/8000.orbax-checkpoint-tmp-1782270360230908/default.orbax-checkpoint-tmp-1782270360241126 to v2_runs/mainb_oxeonly_rhoR000_control/state/8000.orbax-checkpoint-tmp-1782270360230908/default
I0624 03:06:09.787421 129526284420928 utils.py:573] Finished saving checkpoint to `v2_runs/mainb_oxeonly_rhoR000_control/state/8000.orbax-checkpoint-tmp-1782270360230908/default`.
I0624 03:06:09.792517 129526284420928 checkpoint_manager.py:832] Deleting Checkpoint[step=7500 | time=2026-06-24 02:54:13.972392+00:00]: (Reason: old checkpoint).
I0624 03:06:09.794040 129526284420928 utils.py:529] Renaming v2_runs/mainb_oxeonly_rhoR000_control/state/8000.orbax-checkpoint-tmp-1782270360230908 to v2_runs/mainb_oxeonly_rhoR000_control/state/8000
I0624 03:06:09.981539 129526284420928 train_repair_mainb.py:323] 💾 saved checkpoint @ step 8000 -> v2_runs/mainb_oxeonly_rhoR000_control
I0624 03:06:12.070631 129526284420928 train_repair_mainb.py:312] [full 08000/10000] total=0.5353 kd=0.0095 action=1.0612 lr=1.00e-06 grad_norm=4.9211 | preserve_action=1.1004
I0624 03:07:21.487488 129526284420928 train_repair_mainb.py:312] [full 08050/10000] total=0.5702 kd=0.0093 action=1.1312 lr=1.00e-06 grad_norm=4.7532
I0624 03:08:31.469002 129526284420928 train_repair_mainb.py:312] [full 08100/10000] total=0.4468 kd=0.0098 action=0.8838 lr=1.00e-06 grad_norm=3.9928 | preserve_action=1.0687
I0624 03:09:40.690370 129526284420928 train_repair_mainb.py:312] [full 08150/10000] total=0.5226 kd=0.0102 action=1.0351 lr=1.00e-06 grad_norm=3.7980
I0624 03:10:50.905915 129526284420928 train_repair_mainb.py:312] [full 08200/10000] total=0.4154 kd=0.0099 action=0.8209 lr=1.00e-06 grad_norm=4.0801 | preserve_action=0.9773
I0624 03:12:00.145763 129526284420928 train_repair_mainb.py:312] [full 08250/10000] total=0.4851 kd=0.0103 action=0.9600 lr=1.00e-06 grad_norm=3.6122
I0624 03:13:10.385030 129526284420928 train_repair_mainb.py:312] [full 08300/10000] total=0.5100 kd=0.0093 action=1.0107 lr=1.00e-06 grad_norm=4.8639 | preserve_action=1.0412
I0624 03:14:20.106263 129526284420928 train_repair_mainb.py:312] [full 08350/10000] total=0.4755 kd=0.0097 action=0.9412 lr=1.00e-06 grad_norm=4.7065
I0624 03:15:31.587097 129526284420928 train_repair_mainb.py:312] [full 08400/10000] total=0.4986 kd=0.0106 action=0.9867 lr=1.00e-06 grad_norm=4.6270 | preserve_action=1.0444
I0624 03:16:41.096064 129526284420928 train_repair_mainb.py:312] [full 08450/10000] total=0.4505 kd=0.0095 action=0.8914 lr=1.00e-06 grad_norm=3.7326
I0624 03:17:50.015774 129526284420928 checkpointer.py:134] Saving item to v2_runs/mainb_oxeonly_rhoR000_control/8500.orbax-checkpoint-tmp-1782271069990387/default.
I0624 03:17:54.429443 129526284420928 utils.py:529] Renaming v2_runs/mainb_oxeonly_rhoR000_control/8500.orbax-checkpoint-tmp-1782271069990387/default.orbax-checkpoint-tmp-1782271070018073 to v2_runs/mainb_oxeonly_rhoR000_control/8500.orbax-checkpoint-tmp-1782271069990387/default
I0624 03:17:54.432941 129526284420928 utils.py:573] Finished saving checkpoint to `v2_runs/mainb_oxeonly_rhoR000_control/8500.orbax-checkpoint-tmp-1782271069990387/default`.
I0624 03:17:54.440232 129526284420928 utils.py:529] Renaming v2_runs/mainb_oxeonly_rhoR000_control/8500.orbax-checkpoint-tmp-1782271069990387 to v2_runs/mainb_oxeonly_rhoR000_control/8500
I0624 03:17:54.476031 129526284420928 checkpointer.py:134] Saving item to v2_runs/mainb_oxeonly_rhoR000_control/state/8500.orbax-checkpoint-tmp-1782271074462246/default.
I0624 03:18:04.735550 129526284420928 utils.py:529] Renaming v2_runs/mainb_oxeonly_rhoR000_control/state/8500.orbax-checkpoint-tmp-1782271074462246/default.orbax-checkpoint-tmp-1782271074477569 to v2_runs/mainb_oxeonly_rhoR000_control/state/8500.orbax-checkpoint-tmp-1782271074462246/default
I0624 03:18:04.741086 129526284420928 utils.py:573] Finished saving checkpoint to `v2_runs/mainb_oxeonly_rhoR000_control/state/8500.orbax-checkpoint-tmp-1782271074462246/default`.
I0624 03:18:04.749128 129526284420928 checkpoint_manager.py:832] Deleting Checkpoint[step=8000 | time=2026-06-24 03:06:09.789109+00:00]: (Reason: old checkpoint).
I0624 03:18:04.750655 129526284420928 utils.py:529] Renaming v2_runs/mainb_oxeonly_rhoR000_control/state/8500.orbax-checkpoint-tmp-1782271074462246 to v2_runs/mainb_oxeonly_rhoR000_control/state/8500
I0624 03:18:04.926128 129526284420928 train_repair_mainb.py:323] 💾 saved checkpoint @ step 8500 -> v2_runs/mainb_oxeonly_rhoR000_control
I0624 03:18:07.074409 129526284420928 train_repair_mainb.py:312] [full 08500/10000] total=0.4811 kd=0.0100 action=0.9521 lr=1.00e-06 grad_norm=3.9374 | preserve_action=0.9919
I0624 03:19:16.984195 129526284420928 train_repair_mainb.py:312] [full 08550/10000] total=0.4143 kd=0.0102 action=0.8183 lr=1.00e-06 grad_norm=3.5928
I0624 03:20:27.281852 129526284420928 train_repair_mainb.py:312] [full 08600/10000] total=0.4697 kd=0.0091 action=0.9304 lr=1.00e-06 grad_norm=4.2383 | preserve_action=0.9696
I0624 03:21:36.992606 129526284420928 train_repair_mainb.py:312] [full 08650/10000] total=0.4959 kd=0.0102 action=0.9816 lr=1.00e-06 grad_norm=3.8259
I0624 03:22:47.801325 129526284420928 train_repair_mainb.py:312] [full 08700/10000] total=0.5021 kd=0.0103 action=0.9938 lr=1.00e-06 grad_norm=4.2780 | preserve_action=1.1084
I0624 03:23:57.483360 129526284420928 train_repair_mainb.py:312] [full 08750/10000] total=0.4852 kd=0.0098 action=0.9605 lr=1.00e-06 grad_norm=4.2588
I0624 03:25:08.596448 129526284420928 train_repair_mainb.py:312] [full 08800/10000] total=0.4826 kd=0.0102 action=0.9550 lr=1.00e-06 grad_norm=4.0882 | preserve_action=1.0094
I0624 03:26:18.386987 129526284420928 train_repair_mainb.py:312] [full 08850/10000] total=0.5440 kd=0.0103 action=1.0777 lr=1.00e-06 grad_norm=4.4009
I0624 03:27:28.880973 129526284420928 train_repair_mainb.py:312] [full 08900/10000] total=0.4678 kd=0.0098 action=0.9259 lr=1.00e-06 grad_norm=4.1553 | preserve_action=1.0073
I0624 03:28:38.783494 129526284420928 train_repair_mainb.py:312] [full 08950/10000] total=0.5846 kd=0.0096 action=1.1597 lr=1.00e-06 grad_norm=4.2517
I0624 03:29:47.312813 129526284420928 checkpointer.py:134] Saving item to v2_runs/mainb_oxeonly_rhoR000_control/9000.orbax-checkpoint-tmp-1782271787295649/default.
I0624 03:29:52.742734 129526284420928 utils.py:529] Renaming v2_runs/mainb_oxeonly_rhoR000_control/9000.orbax-checkpoint-tmp-1782271787295649/default.orbax-checkpoint-tmp-1782271787316431 to v2_runs/mainb_oxeonly_rhoR000_control/9000.orbax-checkpoint-tmp-1782271787295649/default
I0624 03:29:52.746246 129526284420928 utils.py:573] Finished saving checkpoint to `v2_runs/mainb_oxeonly_rhoR000_control/9000.orbax-checkpoint-tmp-1782271787295649/default`.
I0624 03:29:52.749203 129526284420928 utils.py:529] Renaming v2_runs/mainb_oxeonly_rhoR000_control/9000.orbax-checkpoint-tmp-1782271787295649 to v2_runs/mainb_oxeonly_rhoR000_control/9000
I0624 03:29:52.792273 129526284420928 checkpointer.py:134] Saving item to v2_runs/mainb_oxeonly_rhoR000_control/state/9000.orbax-checkpoint-tmp-1782271792762422/default.
I0624 03:30:02.623851 129526284420928 utils.py:529] Renaming v2_runs/mainb_oxeonly_rhoR000_control/state/9000.orbax-checkpoint-tmp-1782271792762422/default.orbax-checkpoint-tmp-1782271792794262 to v2_runs/mainb_oxeonly_rhoR000_control/state/9000.orbax-checkpoint-tmp-1782271792762422/default
I0624 03:30:02.627039 129526284420928 utils.py:573] Finished saving checkpoint to `v2_runs/mainb_oxeonly_rhoR000_control/state/9000.orbax-checkpoint-tmp-1782271792762422/default`.
I0624 03:30:02.632422 129526284420928 checkpoint_manager.py:832] Deleting Checkpoint[step=8500 | time=2026-06-24 03:18:04.744822+00:00]: (Reason: old checkpoint).
I0624 03:30:02.634442 129526284420928 utils.py:529] Renaming v2_runs/mainb_oxeonly_rhoR000_control/state/9000.orbax-checkpoint-tmp-1782271792762422 to v2_runs/mainb_oxeonly_rhoR000_control/state/9000
I0624 03:30:03.087364 129526284420928 train_repair_mainb.py:323] 💾 saved checkpoint @ step 9000 -> v2_runs/mainb_oxeonly_rhoR000_control
I0624 03:30:05.260473 129526284420928 train_repair_mainb.py:312] [full 09000/10000] total=0.5764 kd=0.0100 action=1.1427 lr=1.00e-06 grad_norm=4.1260 | preserve_action=1.1396
I0624 03:31:14.888775 129526284420928 train_repair_mainb.py:312] [full 09050/10000] total=0.4200 kd=0.0099 action=0.8301 lr=1.00e-06 grad_norm=4.5011
I0624 03:32:26.174733 129526284420928 train_repair_mainb.py:312] [full 09100/10000] total=0.5792 kd=0.0105 action=1.1480 lr=1.00e-06 grad_norm=5.4578 | preserve_action=1.2030
I0624 03:33:36.016684 129526284420928 train_repair_mainb.py:312] [full 09150/10000] total=0.4550 kd=0.0099 action=0.9000 lr=1.00e-06 grad_norm=3.4558
I0624 03:34:47.074591 129526284420928 train_repair_mainb.py:312] [full 09200/10000] total=0.5316 kd=0.0101 action=1.0530 lr=1.00e-06 grad_norm=3.9411 | preserve_action=1.1805
I0624 03:35:56.900817 129526284420928 train_repair_mainb.py:312] [full 09250/10000] total=0.5234 kd=0.0101 action=1.0367 lr=1.00e-06 grad_norm=3.7409
I0624 03:37:07.483919 129526284420928 train_repair_mainb.py:312] [full 09300/10000] total=0.4852 kd=0.0103 action=0.9601 lr=1.00e-06 grad_norm=3.8501 | preserve_action=1.1263
I0624 03:38:17.076238 129526284420928 train_repair_mainb.py:312] [full 09350/10000] total=0.4437 kd=0.0101 action=0.8772 lr=1.00e-06 grad_norm=3.9663
I0624 03:39:27.487149 129526284420928 train_repair_mainb.py:312] [full 09400/10000] total=0.5541 kd=0.0102 action=1.0979 lr=1.00e-06 grad_norm=4.5652 | preserve_action=1.1007
I0624 03:40:37.080927 129526284420928 train_repair_mainb.py:312] [full 09450/10000] total=0.4500 kd=0.0095 action=0.8905 lr=1.00e-06 grad_norm=3.6889
I0624 03:41:45.414336 129526284420928 checkpointer.py:134] Saving item to v2_runs/mainb_oxeonly_rhoR000_control/9500.orbax-checkpoint-tmp-1782272505395952/default.
I0624 03:41:50.624797 129526284420928 utils.py:529] Renaming v2_runs/mainb_oxeonly_rhoR000_control/9500.orbax-checkpoint-tmp-1782272505395952/default.orbax-checkpoint-tmp-1782272505417687 to v2_runs/mainb_oxeonly_rhoR000_control/9500.orbax-checkpoint-tmp-1782272505395952/default
I0624 03:41:50.628207 129526284420928 utils.py:573] Finished saving checkpoint to `v2_runs/mainb_oxeonly_rhoR000_control/9500.orbax-checkpoint-tmp-1782272505395952/default`.
I0624 03:41:50.632525 129526284420928 utils.py:529] Renaming v2_runs/mainb_oxeonly_rhoR000_control/9500.orbax-checkpoint-tmp-1782272505395952 to v2_runs/mainb_oxeonly_rhoR000_control/9500
I0624 03:41:50.658414 129526284420928 checkpointer.py:134] Saving item to v2_runs/mainb_oxeonly_rhoR000_control/state/9500.orbax-checkpoint-tmp-1782272510648989/default.
I0624 03:42:00.267689 129526284420928 utils.py:529] Renaming v2_runs/mainb_oxeonly_rhoR000_control/state/9500.orbax-checkpoint-tmp-1782272510648989/default.orbax-checkpoint-tmp-1782272510661239 to v2_runs/mainb_oxeonly_rhoR000_control/state/9500.orbax-checkpoint-tmp-1782272510648989/default
I0624 03:42:00.271874 129526284420928 utils.py:573] Finished saving checkpoint to `v2_runs/mainb_oxeonly_rhoR000_control/state/9500.orbax-checkpoint-tmp-1782272510648989/default`.
I0624 03:42:00.277762 129526284420928 checkpoint_manager.py:832] Deleting Checkpoint[step=9000 | time=2026-06-24 03:30:02.629059+00:00]: (Reason: old checkpoint).
I0624 03:42:00.280364 129526284420928 utils.py:529] Renaming v2_runs/mainb_oxeonly_rhoR000_control/state/9500.orbax-checkpoint-tmp-1782272510648989 to v2_runs/mainb_oxeonly_rhoR000_control/state/9500
I0624 03:42:00.481736 129526284420928 train_repair_mainb.py:323] 💾 saved checkpoint @ step 9500 -> v2_runs/mainb_oxeonly_rhoR000_control
I0624 03:42:02.526438 129526284420928 train_repair_mainb.py:312] [full 09500/10000] total=0.4684 kd=0.0102 action=0.9265 lr=1.00e-06 grad_norm=4.6225 | preserve_action=1.0119
I0624 03:43:12.302151 129526284420928 train_repair_mainb.py:312] [full 09550/10000] total=0.4885 kd=0.0105 action=0.9665 lr=1.00e-06 grad_norm=6.0794
I0624 03:44:22.974327 129526284420928 train_repair_mainb.py:312] [full 09600/10000] total=0.5156 kd=0.0094 action=1.0218 lr=1.00e-06 grad_norm=3.7783 | preserve_action=1.1527
I0624 03:45:32.696197 129526284420928 train_repair_mainb.py:312] [full 09650/10000] total=0.4851 kd=0.0094 action=0.9608 lr=1.00e-06 grad_norm=4.1699
I0624 03:46:42.977853 129526284420928 train_repair_mainb.py:312] [full 09700/10000] total=0.4903 kd=0.0090 action=0.9716 lr=1.00e-06 grad_norm=4.6488 | preserve_action=0.9766
I0624 03:47:52.690194 129526284420928 train_repair_mainb.py:312] [full 09750/10000] total=0.5034 kd=0.0096 action=0.9972 lr=1.00e-06 grad_norm=3.8799
I0624 03:49:03.270225 129526284420928 train_repair_mainb.py:312] [full 09800/10000] total=0.5614 kd=0.0097 action=1.1130 lr=1.00e-06 grad_norm=4.0346 | preserve_action=1.1586
I0624 03:50:13.183627 129526284420928 train_repair_mainb.py:312] [full 09850/10000] total=0.5287 kd=0.0105 action=1.0468 lr=1.00e-06 grad_norm=4.2146
I0624 03:51:23.575466 129526284420928 train_repair_mainb.py:312] [full 09900/10000] total=0.5150 kd=0.0103 action=1.0197 lr=1.00e-06 grad_norm=4.8560 | preserve_action=1.0271
I0624 03:52:33.298395 129526284420928 train_repair_mainb.py:312] [full 09950/10000] total=0.4049 kd=0.0098 action=0.8000 lr=1.00e-06 grad_norm=4.8653
I0624 03:53:42.218336 129526284420928 checkpointer.py:134] Saving item to v2_runs/mainb_oxeonly_rhoR000_control/10000.orbax-checkpoint-tmp-1782273222187346/default.
I0624 03:53:48.919492 129526284420928 utils.py:529] Renaming v2_runs/mainb_oxeonly_rhoR000_control/10000.orbax-checkpoint-tmp-1782273222187346/default.orbax-checkpoint-tmp-1782273222246417 to v2_runs/mainb_oxeonly_rhoR000_control/10000.orbax-checkpoint-tmp-1782273222187346/default
I0624 03:53:48.938558 129526284420928 utils.py:573] Finished saving checkpoint to `v2_runs/mainb_oxeonly_rhoR000_control/10000.orbax-checkpoint-tmp-1782273222187346/default`.
I0624 03:53:48.944520 129526284420928 utils.py:529] Renaming v2_runs/mainb_oxeonly_rhoR000_control/10000.orbax-checkpoint-tmp-1782273222187346 to v2_runs/mainb_oxeonly_rhoR000_control/10000
I0624 03:53:49.014071 129526284420928 checkpointer.py:134] Saving item to v2_runs/mainb_oxeonly_rhoR000_control/state/10000.orbax-checkpoint-tmp-1782273228990135/default.
I0624 03:53:58.618755 129526284420928 utils.py:529] Renaming v2_runs/mainb_oxeonly_rhoR000_control/state/10000.orbax-checkpoint-tmp-1782273228990135/default.orbax-checkpoint-tmp-1782273229018671 to v2_runs/mainb_oxeonly_rhoR000_control/state/10000.orbax-checkpoint-tmp-1782273228990135/default
I0624 03:53:58.622132 129526284420928 utils.py:573] Finished saving checkpoint to `v2_runs/mainb_oxeonly_rhoR000_control/state/10000.orbax-checkpoint-tmp-1782273228990135/default`.
I0624 03:53:58.627379 129526284420928 checkpoint_manager.py:832] Deleting Checkpoint[step=9500 | time=2026-06-24 03:42:00.274405+00:00]: (Reason: old checkpoint).
I0624 03:53:58.628792 129526284420928 utils.py:529] Renaming v2_runs/mainb_oxeonly_rhoR000_control/state/10000.orbax-checkpoint-tmp-1782273228990135 to v2_runs/mainb_oxeonly_rhoR000_control/state/10000
I0624 03:53:58.784631 129526284420928 train_repair_mainb.py:323] 💾 saved checkpoint @ step 10000 -> v2_runs/mainb_oxeonly_rhoR000_control
