I0620 21:01:24.238534 124923101505344 train_repair_mainb.py:259] wandb run URL: <WANDB-RUN-URL-REDACTED>
I0620 21:01:24.239600 124923101505344 train_repair_mainb.py:262] repair epoch = 38880 frames / 64 per step = 607.5 steps/epoch
I0620 21:01:24.240327 124923101505344 train_repair_mainb.py:263] 💾 save dir = v2_runs/mainb_repair_rhoR050_predB  (every 500 steps)
I0620 21:01:24.245342 124923101505344 train_callbacks.py:70] Created v2_runs/mainb_repair_rhoR050_predB
I0620 21:02:39.494663 124923101505344 train_repair_mainb.py:276] ✅ combined action shape = (128, 2, 4, 7); dropped non-shared keys = ['/dataset_name']
miniconda3/envs/octo/lib/python3.10/site-packages/huggingface_hub/file_download.py:949: FutureWarning: `resume_download` is deprecated and will be removed in version 1.0.0. Downloads always resume when possible. If you want to force a new download, use `force_download=True`.
  warnings.warn(
I0620 21:02:40.995279 124923101505344 tokenizers.py:124] No task inputs matching image_primary were found. Replacing with zero padding.
I0620 21:02:41.231895 124923101505344 tokenizers.py:110] No image inputs matching ('image_wrist',) were found.Skipping tokenizer entirely.
W0620 21:02:41.232604 124923101505344 octo_module.py:194] Skipping observation tokenizer: obs_wrist
I0620 21:02:41.233099 124923101505344 octo_module.py:219] repeating task tokens at each timestep to perform cross-modal attention
miniconda3/envs/octo/lib/python3.10/site-packages/huggingface_hub/file_download.py:949: FutureWarning: `resume_download` is deprecated and will be removed in version 1.0.0. Downloads always resume when possible. If you want to force a new download, use `force_download=True`.
  warnings.warn(
I0620 21:02:48.244641 124923101505344 tokenizers.py:124] No task inputs matching image_primary were found. Replacing with zero padding.
I0620 21:02:48.315738 124923101505344 tokenizers.py:110] No image inputs matching ('image_wrist',) were found.Skipping tokenizer entirely.
W0620 21:02:48.316350 124923101505344 octo_module.py:194] Skipping observation tokenizer: obs_wrist
I0620 21:02:48.802276 124923101505344 octo_module.py:219] repeating task tokens at each timestep to perform cross-modal attention
I0620 21:04:05.934459 124923101505344 tokenizers.py:124] No task inputs matching image_primary were found. Replacing with zero padding.
I0620 21:04:06.029025 124923101505344 tokenizers.py:110] No image inputs matching ('image_wrist',) were found.Skipping tokenizer entirely.
W0620 21:04:06.029654 124923101505344 octo_module.py:194] Skipping observation tokenizer: obs_wrist
I0620 21:04:06.029990 124923101505344 octo_module.py:219] repeating task tokens at each timestep to perform cross-modal attention
miniconda3/envs/octo/lib/python3.10/site-packages/huggingface_hub/file_download.py:949: FutureWarning: `resume_download` is deprecated and will be removed in version 1.0.0. Downloads always resume when possible. If you want to force a new download, use `force_download=True`.
  warnings.warn(
I0620 21:04:12.560943 124923101505344 tokenizers.py:124] No task inputs matching image_primary were found. Replacing with zero padding.
I0620 21:04:12.627556 124923101505344 tokenizers.py:110] No image inputs matching ('image_wrist',) were found.Skipping tokenizer entirely.
W0620 21:04:12.628331 124923101505344 octo_module.py:194] Skipping observation tokenizer: obs_wrist
I0620 21:04:12.628627 124923101505344 octo_module.py:219] repeating task tokens at each timestep to perform cross-modal attention
I0620 21:04:31.719141 124923101505344 train_repair_mainb.py:300] [full 00000/10000] total=0.7765 kd=0.0126 action=1.5403 lr=0.00e+00 grad_norm=9.5888 | preserve_action=1.2211 repair_action=2.2576
I0620 21:04:33.236610 124923101505344 train_repair_mainb.py:300] [full 00001/10000] total=0.7122 kd=0.0118 action=1.4127 lr=5.00e-09 grad_norm=11.5734
I0620 21:04:34.653443 124923101505344 train_repair_mainb.py:300] [full 00002/10000] total=0.7506 kd=0.0126 action=1.4885 lr=1.00e-08 grad_norm=8.1258
I0620 21:04:36.080894 124923101505344 train_repair_mainb.py:300] [full 00003/10000] total=0.7716 kd=0.0122 action=1.5310 lr=1.50e-08 grad_norm=12.5918
I0620 21:04:37.530643 124923101505344 train_repair_mainb.py:300] [full 00004/10000] total=0.7186 kd=0.0127 action=1.4244 lr=2.00e-08 grad_norm=11.0528
I0620 21:04:38.930670 124923101505344 train_repair_mainb.py:300] [full 00005/10000] total=0.7199 kd=0.0118 action=1.4280 lr=2.50e-08 grad_norm=8.5523
I0620 21:04:40.328897 124923101505344 train_repair_mainb.py:300] [full 00006/10000] total=0.7277 kd=0.0118 action=1.4436 lr=3.00e-08 grad_norm=10.5722
I0620 21:04:41.689485 124923101505344 train_repair_mainb.py:300] [full 00007/10000] total=0.7599 kd=0.0122 action=1.5075 lr=3.50e-08 grad_norm=8.7339
I0620 21:04:43.099498 124923101505344 train_repair_mainb.py:300] [full 00008/10000] total=0.7362 kd=0.0119 action=1.4604 lr=4.00e-08 grad_norm=11.3546
I0620 21:04:44.466831 124923101505344 train_repair_mainb.py:300] [full 00009/10000] total=0.7831 kd=0.0121 action=1.5542 lr=4.50e-08 grad_norm=9.0876
I0620 21:05:55.858313 124923101505344 train_repair_mainb.py:300] [full 00050/10000] total=0.6566 kd=0.0112 action=1.3020 lr=2.50e-07 grad_norm=7.5514
I0620 21:07:08.378376 124923101505344 train_repair_mainb.py:300] [full 00100/10000] total=0.6927 kd=0.0109 action=1.3746 lr=5.00e-07 grad_norm=5.4904 | preserve_action=1.1792 repair_action=1.9188
I0620 21:08:30.647332 124923101505344 train_repair_mainb.py:300] [full 00150/10000] total=0.6704 kd=0.0112 action=1.3296 lr=7.50e-07 grad_norm=5.8573
I0620 21:09:46.973404 124923101505344 train_repair_mainb.py:300] [full 00200/10000] total=0.6593 kd=0.0111 action=1.3076 lr=1.00e-06 grad_norm=4.3996 | preserve_action=1.0819 repair_action=1.8421
I0620 21:11:00.312808 124923101505344 train_repair_mainb.py:300] [full 00250/10000] total=0.6593 kd=0.0108 action=1.3079 lr=1.00e-06 grad_norm=4.1720
I0620 21:12:19.270981 124923101505344 train_repair_mainb.py:300] [full 00300/10000] total=0.6532 kd=0.0109 action=1.2954 lr=1.00e-06 grad_norm=4.1507 | preserve_action=1.1366 repair_action=1.7710
I0620 21:13:39.628599 124923101505344 train_repair_mainb.py:300] [full 00350/10000] total=0.7081 kd=0.0109 action=1.4054 lr=1.00e-06 grad_norm=5.0252
I0620 21:14:51.957363 124923101505344 train_repair_mainb.py:300] [full 00400/10000] total=0.6257 kd=0.0105 action=1.2408 lr=1.00e-06 grad_norm=3.7958 | preserve_action=1.1281 repair_action=1.6454
I0620 21:16:02.545130 124923101505344 train_repair_mainb.py:300] [full 00450/10000] total=0.5942 kd=0.0106 action=1.1779 lr=1.00e-06 grad_norm=3.7337
I0620 21:17:12.176609 124923101505344 checkpointer.py:134] Saving item to v2_runs/mainb_repair_rhoR050_predB/500.orbax-checkpoint-tmp-1781990232056660/default.
I0620 21:17:18.987986 124923101505344 utils.py:529] Renaming v2_runs/mainb_repair_rhoR050_predB/500.orbax-checkpoint-tmp-1781990232056660/default.orbax-checkpoint-tmp-1781990232179860 to v2_runs/mainb_repair_rhoR050_predB/500.orbax-checkpoint-tmp-1781990232056660/default
I0620 21:17:19.000324 124923101505344 utils.py:573] Finished saving checkpoint to `v2_runs/mainb_repair_rhoR050_predB/500.orbax-checkpoint-tmp-1781990232056660/default`.
I0620 21:17:19.008796 124923101505344 utils.py:529] Renaming v2_runs/mainb_repair_rhoR050_predB/500.orbax-checkpoint-tmp-1781990232056660 to v2_runs/mainb_repair_rhoR050_predB/500
I0620 21:17:19.278617 124923101505344 checkpointer.py:134] Saving item to v2_runs/mainb_repair_rhoR050_predB/state/500.orbax-checkpoint-tmp-1781990239259401/default.
I0620 21:17:29.638345 124923101505344 utils.py:529] Renaming v2_runs/mainb_repair_rhoR050_predB/state/500.orbax-checkpoint-tmp-1781990239259401/default.orbax-checkpoint-tmp-1781990239280377 to v2_runs/mainb_repair_rhoR050_predB/state/500.orbax-checkpoint-tmp-1781990239259401/default
I0620 21:17:29.644020 124923101505344 utils.py:573] Finished saving checkpoint to `v2_runs/mainb_repair_rhoR050_predB/state/500.orbax-checkpoint-tmp-1781990239259401/default`.
I0620 21:17:29.651952 124923101505344 utils.py:529] Renaming v2_runs/mainb_repair_rhoR050_predB/state/500.orbax-checkpoint-tmp-1781990239259401 to v2_runs/mainb_repair_rhoR050_predB/state/500
I0620 21:17:29.661478 124923101505344 train_repair_mainb.py:311] 💾 saved checkpoint @ step 500 -> v2_runs/mainb_repair_rhoR050_predB
I0620 21:17:31.981797 124923101505344 train_repair_mainb.py:300] [full 00500/10000] total=0.6235 kd=0.0108 action=1.2363 lr=1.00e-06 grad_norm=4.3935 | preserve_action=0.9049 repair_action=1.8055
I0620 21:18:47.938442 124923101505344 train_repair_mainb.py:300] [full 00550/10000] total=0.6799 kd=0.0110 action=1.3488 lr=1.00e-06 grad_norm=4.0598
I0620 21:20:46.663768 124923101505344 train_repair_mainb.py:300] [full 00600/10000] total=0.6056 kd=0.0111 action=1.2000 lr=1.00e-06 grad_norm=4.0667 | preserve_action=1.0775 repair_action=1.7624
I0620 21:22:10.141738 124923101505344 train_repair_mainb.py:300] [full 00650/10000] total=0.7552 kd=0.0107 action=1.4998 lr=1.00e-06 grad_norm=4.6873
I0620 21:23:21.057247 124923101505344 train_repair_mainb.py:300] [full 00700/10000] total=0.5674 kd=0.0105 action=1.1242 lr=1.00e-06 grad_norm=4.7235 | preserve_action=1.2500 repair_action=1.8002
I0620 21:24:43.756945 124923101505344 train_repair_mainb.py:300] [full 00750/10000] total=0.6701 kd=0.0109 action=1.3293 lr=1.00e-06 grad_norm=4.6372
I0620 21:26:07.767039 124923101505344 train_repair_mainb.py:300] [full 00800/10000] total=0.8144 kd=0.0103 action=1.6185 lr=1.00e-06 grad_norm=4.4435 | preserve_action=1.3151 repair_action=1.7219
I0620 21:27:18.454892 124923101505344 train_repair_mainb.py:300] [full 00850/10000] total=0.6697 kd=0.0104 action=1.3290 lr=1.00e-06 grad_norm=4.6543
I0620 21:28:32.410201 124923101505344 train_repair_mainb.py:300] [full 00900/10000] total=0.6886 kd=0.0105 action=1.3667 lr=1.00e-06 grad_norm=4.0188 | preserve_action=1.1045 repair_action=1.8166
I0620 21:29:54.845118 124923101505344 train_repair_mainb.py:300] [full 00950/10000] total=0.6516 kd=0.0110 action=1.2922 lr=1.00e-06 grad_norm=4.0623
I0620 21:31:04.474073 124923101505344 checkpointer.py:134] Saving item to v2_runs/mainb_repair_rhoR050_predB/1000.orbax-checkpoint-tmp-1781991064461185/default.
I0620 21:31:11.588233 124923101505344 utils.py:529] Renaming v2_runs/mainb_repair_rhoR050_predB/1000.orbax-checkpoint-tmp-1781991064461185/default.orbax-checkpoint-tmp-1781991064477461 to v2_runs/mainb_repair_rhoR050_predB/1000.orbax-checkpoint-tmp-1781991064461185/default
I0620 21:31:11.593619 124923101505344 utils.py:573] Finished saving checkpoint to `v2_runs/mainb_repair_rhoR050_predB/1000.orbax-checkpoint-tmp-1781991064461185/default`.
I0620 21:31:11.597479 124923101505344 utils.py:529] Renaming v2_runs/mainb_repair_rhoR050_predB/1000.orbax-checkpoint-tmp-1781991064461185 to v2_runs/mainb_repair_rhoR050_predB/1000
I0620 21:31:11.646142 124923101505344 checkpointer.py:134] Saving item to v2_runs/mainb_repair_rhoR050_predB/state/1000.orbax-checkpoint-tmp-1781991071637600/default.
I0620 21:31:25.241230 124923101505344 utils.py:529] Renaming v2_runs/mainb_repair_rhoR050_predB/state/1000.orbax-checkpoint-tmp-1781991071637600/default.orbax-checkpoint-tmp-1781991071647500 to v2_runs/mainb_repair_rhoR050_predB/state/1000.orbax-checkpoint-tmp-1781991071637600/default
I0620 21:31:25.247621 124923101505344 utils.py:573] Finished saving checkpoint to `v2_runs/mainb_repair_rhoR050_predB/state/1000.orbax-checkpoint-tmp-1781991071637600/default`.
I0620 21:31:25.256971 124923101505344 checkpoint_manager.py:832] Deleting Checkpoint[step=500 | time=2026-06-20 21:17:29.648713+00:00]: (Reason: old checkpoint).
I0620 21:31:25.261203 124923101505344 utils.py:529] Renaming v2_runs/mainb_repair_rhoR050_predB/state/1000.orbax-checkpoint-tmp-1781991071637600 to v2_runs/mainb_repair_rhoR050_predB/state/1000
I0620 21:31:25.459966 124923101505344 train_repair_mainb.py:311] 💾 saved checkpoint @ step 1000 -> v2_runs/mainb_repair_rhoR050_predB
I0620 21:31:27.692876 124923101505344 train_repair_mainb.py:300] [full 01000/10000] total=0.6242 kd=0.0103 action=1.2380 lr=1.00e-06 grad_norm=4.2439 | preserve_action=1.2409 repair_action=1.6369
I0620 21:32:38.919382 124923101505344 train_repair_mainb.py:300] [full 01050/10000] total=0.6956 kd=0.0105 action=1.3807 lr=1.00e-06 grad_norm=4.7631
I0620 21:33:50.957260 124923101505344 train_repair_mainb.py:300] [full 01100/10000] total=0.6287 kd=0.0107 action=1.2468 lr=1.00e-06 grad_norm=3.9790 | preserve_action=1.2544 repair_action=1.7952
I0620 21:35:01.862835 124923101505344 train_repair_mainb.py:300] [full 01150/10000] total=0.6075 kd=0.0108 action=1.2042 lr=1.00e-06 grad_norm=4.4616
I0620 21:37:02.727026 124923101505344 train_repair_mainb.py:300] [full 01200/10000] total=0.6393 kd=0.0107 action=1.2679 lr=1.00e-06 grad_norm=4.3610 | preserve_action=1.1403 repair_action=1.8486
I0620 21:38:12.941493 124923101505344 train_repair_mainb.py:300] [full 01250/10000] total=0.5658 kd=0.0107 action=1.1210 lr=1.00e-06 grad_norm=4.0617
I0620 21:39:34.569469 124923101505344 train_repair_mainb.py:300] [full 01300/10000] total=0.6408 kd=0.0108 action=1.2708 lr=1.00e-06 grad_norm=4.4571 | preserve_action=1.0604 repair_action=1.6828
I0620 21:40:53.531542 124923101505344 train_repair_mainb.py:300] [full 01350/10000] total=0.6530 kd=0.0106 action=1.2955 lr=1.00e-06 grad_norm=4.9461
I0620 21:42:15.376917 124923101505344 train_repair_mainb.py:300] [full 01400/10000] total=0.6283 kd=0.0103 action=1.2462 lr=1.00e-06 grad_norm=4.3511 | preserve_action=1.1424 repair_action=1.6106
I0620 21:43:25.499138 124923101505344 train_repair_mainb.py:300] [full 01450/10000] total=0.5799 kd=0.0103 action=1.1495 lr=1.00e-06 grad_norm=4.5120
I0620 21:44:36.576272 124923101505344 checkpointer.py:134] Saving item to v2_runs/mainb_repair_rhoR050_predB/1500.orbax-checkpoint-tmp-1781991876547101/default.
I0620 21:44:43.039538 124923101505344 utils.py:529] Renaming v2_runs/mainb_repair_rhoR050_predB/1500.orbax-checkpoint-tmp-1781991876547101/default.orbax-checkpoint-tmp-1781991876583759 to v2_runs/mainb_repair_rhoR050_predB/1500.orbax-checkpoint-tmp-1781991876547101/default
I0620 21:44:43.043739 124923101505344 utils.py:573] Finished saving checkpoint to `v2_runs/mainb_repair_rhoR050_predB/1500.orbax-checkpoint-tmp-1781991876547101/default`.
I0620 21:44:43.048998 124923101505344 utils.py:529] Renaming v2_runs/mainb_repair_rhoR050_predB/1500.orbax-checkpoint-tmp-1781991876547101 to v2_runs/mainb_repair_rhoR050_predB/1500
I0620 21:44:43.139765 124923101505344 checkpointer.py:134] Saving item to v2_runs/mainb_repair_rhoR050_predB/state/1500.orbax-checkpoint-tmp-1781991883070420/default.
I0620 21:44:53.639945 124923101505344 utils.py:529] Renaming v2_runs/mainb_repair_rhoR050_predB/state/1500.orbax-checkpoint-tmp-1781991883070420/default.orbax-checkpoint-tmp-1781991883142440 to v2_runs/mainb_repair_rhoR050_predB/state/1500.orbax-checkpoint-tmp-1781991883070420/default
I0620 21:44:53.645152 124923101505344 utils.py:573] Finished saving checkpoint to `v2_runs/mainb_repair_rhoR050_predB/state/1500.orbax-checkpoint-tmp-1781991883070420/default`.
I0620 21:44:53.655999 124923101505344 checkpoint_manager.py:832] Deleting Checkpoint[step=1000 | time=2026-06-20 21:31:25.252365+00:00]: (Reason: old checkpoint).
I0620 21:44:53.661265 124923101505344 utils.py:529] Renaming v2_runs/mainb_repair_rhoR050_predB/state/1500.orbax-checkpoint-tmp-1781991883070420 to v2_runs/mainb_repair_rhoR050_predB/state/1500
I0620 21:44:53.886208 124923101505344 train_repair_mainb.py:311] 💾 saved checkpoint @ step 1500 -> v2_runs/mainb_repair_rhoR050_predB
I0620 21:44:56.200402 124923101505344 train_repair_mainb.py:300] [full 01500/10000] total=0.7198 kd=0.0107 action=1.4289 lr=1.00e-06 grad_norm=4.2507 | preserve_action=1.3320 repair_action=1.9900
I0620 21:46:16.975566 124923101505344 train_repair_mainb.py:300] [full 01550/10000] total=0.6014 kd=0.0107 action=1.1920 lr=1.00e-06 grad_norm=4.3461
I0620 21:47:28.542230 124923101505344 train_repair_mainb.py:300] [full 01600/10000] total=0.6589 kd=0.0105 action=1.3073 lr=1.00e-06 grad_norm=4.5591 | preserve_action=1.0272 repair_action=1.7952
I0620 21:48:39.224164 124923101505344 train_repair_mainb.py:300] [full 01650/10000] total=0.6533 kd=0.0106 action=1.2960 lr=1.00e-06 grad_norm=4.7463
I0620 21:49:50.164108 124923101505344 train_repair_mainb.py:300] [full 01700/10000] total=0.6835 kd=0.0106 action=1.3563 lr=1.00e-06 grad_norm=4.0381 | preserve_action=1.0067 repair_action=1.7352
I0620 21:51:00.448286 124923101505344 train_repair_mainb.py:300] [full 01750/10000] total=0.6355 kd=0.0105 action=1.2606 lr=1.00e-06 grad_norm=4.5496
I0620 21:52:52.846179 124923101505344 train_repair_mainb.py:300] [full 01800/10000] total=0.6553 kd=0.0105 action=1.3002 lr=1.00e-06 grad_norm=4.1933 | preserve_action=1.2518 repair_action=1.7520
I0620 21:54:03.456312 124923101505344 train_repair_mainb.py:300] [full 01850/10000] total=0.6744 kd=0.0106 action=1.3382 lr=1.00e-06 grad_norm=4.3024
I0620 21:55:26.448340 124923101505344 train_repair_mainb.py:300] [full 01900/10000] total=0.5973 kd=0.0105 action=1.1841 lr=1.00e-06 grad_norm=3.8374 | preserve_action=1.2296 repair_action=1.6896
I0620 21:56:45.338614 124923101505344 train_repair_mainb.py:300] [full 01950/10000] total=0.5414 kd=0.0104 action=1.0723 lr=1.00e-06 grad_norm=3.7029
I0620 21:57:54.983637 124923101505344 checkpointer.py:134] Saving item to v2_runs/mainb_repair_rhoR050_predB/2000.orbax-checkpoint-tmp-1781992674956813/default.
I0620 21:58:01.185475 124923101505344 utils.py:529] Renaming v2_runs/mainb_repair_rhoR050_predB/2000.orbax-checkpoint-tmp-1781992674956813/default.orbax-checkpoint-tmp-1781992674990603 to v2_runs/mainb_repair_rhoR050_predB/2000.orbax-checkpoint-tmp-1781992674956813/default
I0620 21:58:01.188506 124923101505344 utils.py:573] Finished saving checkpoint to `v2_runs/mainb_repair_rhoR050_predB/2000.orbax-checkpoint-tmp-1781992674956813/default`.
I0620 21:58:01.192307 124923101505344 utils.py:529] Renaming v2_runs/mainb_repair_rhoR050_predB/2000.orbax-checkpoint-tmp-1781992674956813 to v2_runs/mainb_repair_rhoR050_predB/2000
I0620 21:58:01.239882 124923101505344 checkpointer.py:134] Saving item to v2_runs/mainb_repair_rhoR050_predB/state/2000.orbax-checkpoint-tmp-1781992681207105/default.
I0620 21:58:11.051217 124923101505344 utils.py:529] Renaming v2_runs/mainb_repair_rhoR050_predB/state/2000.orbax-checkpoint-tmp-1781992681207105/default.orbax-checkpoint-tmp-1781992681242586 to v2_runs/mainb_repair_rhoR050_predB/state/2000.orbax-checkpoint-tmp-1781992681207105/default
I0620 21:58:11.055929 124923101505344 utils.py:573] Finished saving checkpoint to `v2_runs/mainb_repair_rhoR050_predB/state/2000.orbax-checkpoint-tmp-1781992681207105/default`.
I0620 21:58:11.063380 124923101505344 checkpoint_manager.py:832] Deleting Checkpoint[step=1500 | time=2026-06-20 21:44:53.650075+00:00]: (Reason: old checkpoint).
I0620 21:58:11.065473 124923101505344 utils.py:529] Renaming v2_runs/mainb_repair_rhoR050_predB/state/2000.orbax-checkpoint-tmp-1781992681207105 to v2_runs/mainb_repair_rhoR050_predB/state/2000
I0620 21:58:11.237891 124923101505344 train_repair_mainb.py:311] 💾 saved checkpoint @ step 2000 -> v2_runs/mainb_repair_rhoR050_predB
I0620 21:58:13.577831 124923101505344 train_repair_mainb.py:300] [full 02000/10000] total=0.6964 kd=0.0103 action=1.3824 lr=1.00e-06 grad_norm=4.1830 | preserve_action=1.1907 repair_action=1.7416
I0620 21:59:37.654588 124923101505344 train_repair_mainb.py:300] [full 02050/10000] total=0.6242 kd=0.0102 action=1.2383 lr=1.00e-06 grad_norm=4.9574
I0620 22:00:51.373977 124923101505344 train_repair_mainb.py:300] [full 02100/10000] total=0.5914 kd=0.0105 action=1.1722 lr=1.00e-06 grad_norm=4.1156 | preserve_action=0.9747 repair_action=1.8752
I0620 22:02:12.116525 124923101505344 train_repair_mainb.py:300] [full 02150/10000] total=0.6187 kd=0.0104 action=1.2269 lr=1.00e-06 grad_norm=4.3012
I0620 22:03:23.419134 124923101505344 train_repair_mainb.py:300] [full 02200/10000] total=0.7223 kd=0.0107 action=1.4339 lr=1.00e-06 grad_norm=4.1969 | preserve_action=1.1417 repair_action=1.6414
I0620 22:04:34.254170 124923101505344 train_repair_mainb.py:300] [full 02250/10000] total=0.7074 kd=0.0110 action=1.4037 lr=1.00e-06 grad_norm=4.2583
I0620 22:05:45.378111 124923101505344 train_repair_mainb.py:300] [full 02300/10000] total=0.6172 kd=0.0108 action=1.2235 lr=1.00e-06 grad_norm=4.0504 | preserve_action=1.0269 repair_action=1.7549
I0620 22:06:55.811260 124923101505344 train_repair_mainb.py:300] [full 02350/10000] total=0.7201 kd=0.0102 action=1.4299 lr=1.00e-06 grad_norm=5.2829
I0620 22:08:57.835019 124923101505344 train_repair_mainb.py:300] [full 02400/10000] total=0.7526 kd=0.0105 action=1.4947 lr=1.00e-06 grad_norm=4.5982 | preserve_action=1.0559 repair_action=1.8080
I0620 22:10:08.247931 124923101505344 train_repair_mainb.py:300] [full 02450/10000] total=0.6030 kd=0.0098 action=1.1963 lr=1.00e-06 grad_norm=4.0725
I0620 22:11:30.669936 124923101505344 checkpointer.py:134] Saving item to v2_runs/mainb_repair_rhoR050_predB/2500.orbax-checkpoint-tmp-1781993490639623/default.
I0620 22:11:36.740904 124923101505344 utils.py:529] Renaming v2_runs/mainb_repair_rhoR050_predB/2500.orbax-checkpoint-tmp-1781993490639623/default.orbax-checkpoint-tmp-1781993490678150 to v2_runs/mainb_repair_rhoR050_predB/2500.orbax-checkpoint-tmp-1781993490639623/default
I0620 22:11:36.744981 124923101505344 utils.py:573] Finished saving checkpoint to `v2_runs/mainb_repair_rhoR050_predB/2500.orbax-checkpoint-tmp-1781993490639623/default`.
I0620 22:11:36.752328 124923101505344 utils.py:529] Renaming v2_runs/mainb_repair_rhoR050_predB/2500.orbax-checkpoint-tmp-1781993490639623 to v2_runs/mainb_repair_rhoR050_predB/2500
I0620 22:11:36.791290 124923101505344 checkpointer.py:134] Saving item to v2_runs/mainb_repair_rhoR050_predB/state/2500.orbax-checkpoint-tmp-1781993496775789/default.
I0620 22:11:47.479660 124923101505344 utils.py:529] Renaming v2_runs/mainb_repair_rhoR050_predB/state/2500.orbax-checkpoint-tmp-1781993496775789/default.orbax-checkpoint-tmp-1781993496793048 to v2_runs/mainb_repair_rhoR050_predB/state/2500.orbax-checkpoint-tmp-1781993496775789/default
I0620 22:11:47.484378 124923101505344 utils.py:573] Finished saving checkpoint to `v2_runs/mainb_repair_rhoR050_predB/state/2500.orbax-checkpoint-tmp-1781993496775789/default`.
I0620 22:11:47.493407 124923101505344 checkpoint_manager.py:832] Deleting Checkpoint[step=2000 | time=2026-06-20 21:58:11.058017+00:00]: (Reason: old checkpoint).
I0620 22:11:47.496555 124923101505344 utils.py:529] Renaming v2_runs/mainb_repair_rhoR050_predB/state/2500.orbax-checkpoint-tmp-1781993496775789 to v2_runs/mainb_repair_rhoR050_predB/state/2500
I0620 22:11:47.733954 124923101505344 train_repair_mainb.py:311] 💾 saved checkpoint @ step 2500 -> v2_runs/mainb_repair_rhoR050_predB
I0620 22:11:49.992894 124923101505344 train_repair_mainb.py:300] [full 02500/10000] total=0.6126 kd=0.0104 action=1.2148 lr=1.00e-06 grad_norm=3.7760 | preserve_action=0.8489 repair_action=1.7721
I0620 22:13:12.345372 124923101505344 train_repair_mainb.py:300] [full 02550/10000] total=0.6503 kd=0.0105 action=1.2901 lr=1.00e-06 grad_norm=5.2238
I0620 22:14:23.172067 124923101505344 train_repair_mainb.py:300] [full 02600/10000] total=0.6152 kd=0.0103 action=1.2202 lr=1.00e-06 grad_norm=3.8099 | preserve_action=0.9803 repair_action=1.7486
I0620 22:15:43.745292 124923101505344 train_repair_mainb.py:300] [full 02650/10000] total=0.6620 kd=0.0104 action=1.3137 lr=1.00e-06 grad_norm=4.1972
I0620 22:16:57.546860 124923101505344 train_repair_mainb.py:300] [full 02700/10000] total=0.7049 kd=0.0106 action=1.3993 lr=1.00e-06 grad_norm=4.7026 | preserve_action=1.0170 repair_action=1.8516
I0620 22:18:07.957928 124923101505344 train_repair_mainb.py:300] [full 02750/10000] total=0.5550 kd=0.0104 action=1.0997 lr=1.00e-06 grad_norm=4.1099
I0620 22:19:29.864241 124923101505344 train_repair_mainb.py:300] [full 02800/10000] total=0.5830 kd=0.0103 action=1.1556 lr=1.00e-06 grad_norm=4.5852 | preserve_action=0.9396 repair_action=1.7203
I0620 22:20:41.460025 124923101505344 train_repair_mainb.py:300] [full 02850/10000] total=0.6188 kd=0.0107 action=1.2270 lr=1.00e-06 grad_norm=4.1607
I0620 22:21:52.868780 124923101505344 train_repair_mainb.py:300] [full 02900/10000] total=0.6627 kd=0.0098 action=1.3155 lr=1.00e-06 grad_norm=4.8114 | preserve_action=1.1203 repair_action=1.7628
I0620 22:23:03.361110 124923101505344 train_repair_mainb.py:300] [full 02950/10000] total=0.5409 kd=0.0106 action=1.0713 lr=1.00e-06 grad_norm=3.6012
I0620 22:24:16.738588 124923101505344 checkpointer.py:134] Saving item to v2_runs/mainb_repair_rhoR050_predB/3000.orbax-checkpoint-tmp-1781994256711476/default.
I0620 22:24:22.592329 124923101505344 utils.py:529] Renaming v2_runs/mainb_repair_rhoR050_predB/3000.orbax-checkpoint-tmp-1781994256711476/default.orbax-checkpoint-tmp-1781994256742240 to v2_runs/mainb_repair_rhoR050_predB/3000.orbax-checkpoint-tmp-1781994256711476/default
I0620 22:24:22.598191 124923101505344 utils.py:573] Finished saving checkpoint to `v2_runs/mainb_repair_rhoR050_predB/3000.orbax-checkpoint-tmp-1781994256711476/default`.
I0620 22:24:22.605687 124923101505344 utils.py:529] Renaming v2_runs/mainb_repair_rhoR050_predB/3000.orbax-checkpoint-tmp-1781994256711476 to v2_runs/mainb_repair_rhoR050_predB/3000
I0620 22:24:22.665117 124923101505344 checkpointer.py:134] Saving item to v2_runs/mainb_repair_rhoR050_predB/state/3000.orbax-checkpoint-tmp-1781994262649537/default.
I0620 22:24:33.496919 124923101505344 utils.py:529] Renaming v2_runs/mainb_repair_rhoR050_predB/state/3000.orbax-checkpoint-tmp-1781994262649537/default.orbax-checkpoint-tmp-1781994262666931 to v2_runs/mainb_repair_rhoR050_predB/state/3000.orbax-checkpoint-tmp-1781994262649537/default
I0620 22:24:33.525969 124923101505344 utils.py:573] Finished saving checkpoint to `v2_runs/mainb_repair_rhoR050_predB/state/3000.orbax-checkpoint-tmp-1781994262649537/default`.
I0620 22:24:33.539554 124923101505344 checkpoint_manager.py:832] Deleting Checkpoint[step=2500 | time=2026-06-20 22:11:47.487390+00:00]: (Reason: old checkpoint).
I0620 22:24:33.544836 124923101505344 utils.py:529] Renaming v2_runs/mainb_repair_rhoR050_predB/state/3000.orbax-checkpoint-tmp-1781994262649537 to v2_runs/mainb_repair_rhoR050_predB/state/3000
I0620 22:24:33.765164 124923101505344 train_repair_mainb.py:311] 💾 saved checkpoint @ step 3000 -> v2_runs/mainb_repair_rhoR050_predB
I0620 22:24:36.132600 124923101505344 train_repair_mainb.py:300] [full 03000/10000] total=0.5884 kd=0.0102 action=1.1666 lr=1.00e-06 grad_norm=3.9180 | preserve_action=1.0717 repair_action=1.8050
I0620 22:26:31.620947 124923101505344 train_repair_mainb.py:300] [full 03050/10000] total=0.6350 kd=0.0104 action=1.2597 lr=1.00e-06 grad_norm=4.1015
I0620 22:27:53.568621 124923101505344 train_repair_mainb.py:300] [full 03100/10000] total=0.6087 kd=0.0102 action=1.2071 lr=1.00e-06 grad_norm=4.0701 | preserve_action=1.0229 repair_action=1.8719
I0620 22:29:15.541567 124923101505344 train_repair_mainb.py:300] [full 03150/10000] total=0.7226 kd=0.0106 action=1.4346 lr=1.00e-06 grad_norm=4.2262
I0620 22:30:26.923072 124923101505344 train_repair_mainb.py:300] [full 03200/10000] total=0.6393 kd=0.0108 action=1.2678 lr=1.00e-06 grad_norm=4.4547 | preserve_action=1.2591 repair_action=1.8018
I0620 22:31:49.577167 124923101505344 train_repair_mainb.py:300] [full 03250/10000] total=0.6601 kd=0.0104 action=1.3098 lr=1.00e-06 grad_norm=4.8067
I0620 22:33:04.078397 124923101505344 train_repair_mainb.py:300] [full 03300/10000] total=0.6154 kd=0.0106 action=1.2202 lr=1.00e-06 grad_norm=3.9861 | preserve_action=1.0809 repair_action=1.6379
I0620 22:34:14.344175 124923101505344 train_repair_mainb.py:300] [full 03350/10000] total=0.5894 kd=0.0098 action=1.1689 lr=1.00e-06 grad_norm=3.4903
I0620 22:35:36.699789 124923101505344 train_repair_mainb.py:300] [full 03400/10000] total=0.6174 kd=0.0103 action=1.2245 lr=1.00e-06 grad_norm=4.3428 | preserve_action=1.0965 repair_action=1.7472
I0620 22:36:47.968247 124923101505344 train_repair_mainb.py:300] [full 03450/10000] total=0.6444 kd=0.0106 action=1.2783 lr=1.00e-06 grad_norm=4.0411
I0620 22:37:57.875878 124923101505344 checkpointer.py:134] Saving item to v2_runs/mainb_repair_rhoR050_predB/3500.orbax-checkpoint-tmp-1781995077846351/default.
I0620 22:38:04.362634 124923101505344 utils.py:529] Renaming v2_runs/mainb_repair_rhoR050_predB/3500.orbax-checkpoint-tmp-1781995077846351/default.orbax-checkpoint-tmp-1781995077884187 to v2_runs/mainb_repair_rhoR050_predB/3500.orbax-checkpoint-tmp-1781995077846351/default
I0620 22:38:04.368621 124923101505344 utils.py:573] Finished saving checkpoint to `v2_runs/mainb_repair_rhoR050_predB/3500.orbax-checkpoint-tmp-1781995077846351/default`.
I0620 22:38:04.376412 124923101505344 utils.py:529] Renaming v2_runs/mainb_repair_rhoR050_predB/3500.orbax-checkpoint-tmp-1781995077846351 to v2_runs/mainb_repair_rhoR050_predB/3500
I0620 22:38:04.437684 124923101505344 checkpointer.py:134] Saving item to v2_runs/mainb_repair_rhoR050_predB/state/3500.orbax-checkpoint-tmp-1781995084401286/default.
I0620 22:38:14.843196 124923101505344 utils.py:529] Renaming v2_runs/mainb_repair_rhoR050_predB/state/3500.orbax-checkpoint-tmp-1781995084401286/default.orbax-checkpoint-tmp-1781995084440303 to v2_runs/mainb_repair_rhoR050_predB/state/3500.orbax-checkpoint-tmp-1781995084401286/default
I0620 22:38:14.854040 124923101505344 utils.py:573] Finished saving checkpoint to `v2_runs/mainb_repair_rhoR050_predB/state/3500.orbax-checkpoint-tmp-1781995084401286/default`.
I0620 22:38:14.864867 124923101505344 checkpoint_manager.py:832] Deleting Checkpoint[step=3000 | time=2026-06-20 22:24:33.531634+00:00]: (Reason: old checkpoint).
I0620 22:38:14.867177 124923101505344 utils.py:529] Renaming v2_runs/mainb_repair_rhoR050_predB/state/3500.orbax-checkpoint-tmp-1781995084401286 to v2_runs/mainb_repair_rhoR050_predB/state/3500
I0620 22:38:15.133169 124923101505344 train_repair_mainb.py:311] 💾 saved checkpoint @ step 3500 -> v2_runs/mainb_repair_rhoR050_predB
I0620 22:38:17.317551 124923101505344 train_repair_mainb.py:300] [full 03500/10000] total=0.5873 kd=0.0102 action=1.1643 lr=1.00e-06 grad_norm=4.6219 | preserve_action=1.0562 repair_action=1.7535
I0620 22:39:27.886884 124923101505344 train_repair_mainb.py:300] [full 03550/10000] total=0.6677 kd=0.0101 action=1.3252 lr=1.00e-06 grad_norm=3.9734
I0620 22:40:42.804883 124923101505344 train_repair_mainb.py:300] [full 03600/10000] total=0.5743 kd=0.0104 action=1.1381 lr=1.00e-06 grad_norm=3.7749 | preserve_action=1.0529 repair_action=1.7452
I0620 22:42:35.663448 124923101505344 train_repair_mainb.py:300] [full 03650/10000] total=0.6735 kd=0.0106 action=1.3364 lr=1.00e-06 grad_norm=3.8870
I0620 22:43:56.646585 124923101505344 train_repair_mainb.py:300] [full 03700/10000] total=0.6391 kd=0.0105 action=1.2677 lr=1.00e-06 grad_norm=4.7152 | preserve_action=1.0703 repair_action=1.7022
I0620 22:45:05.756204 124923101505344 train_repair_mainb.py:300] [full 03750/10000] total=0.6771 kd=0.0106 action=1.3435 lr=1.00e-06 grad_norm=4.2159
I0620 22:46:24.679066 124923101505344 train_repair_mainb.py:300] [full 03800/10000] total=0.6692 kd=0.0100 action=1.3284 lr=1.00e-06 grad_norm=4.2926 | preserve_action=1.0403 repair_action=1.7478
I0620 22:47:43.854850 124923101505344 train_repair_mainb.py:300] [full 03850/10000] total=0.5741 kd=0.0107 action=1.1375 lr=1.00e-06 grad_norm=4.0179
I0620 22:48:56.517587 124923101505344 train_repair_mainb.py:300] [full 03900/10000] total=0.6919 kd=0.0099 action=1.3740 lr=1.00e-06 grad_norm=4.4401 | preserve_action=1.0042 repair_action=1.8271
I0620 22:50:06.555973 124923101505344 train_repair_mainb.py:300] [full 03950/10000] total=0.7193 kd=0.0106 action=1.4279 lr=1.00e-06 grad_norm=4.7264
I0620 22:51:26.469016 124923101505344 checkpointer.py:134] Saving item to v2_runs/mainb_repair_rhoR050_predB/4000.orbax-checkpoint-tmp-1781995886432220/default.
I0620 22:51:34.041072 124923101505344 utils.py:529] Renaming v2_runs/mainb_repair_rhoR050_predB/4000.orbax-checkpoint-tmp-1781995886432220/default.orbax-checkpoint-tmp-1781995886474424 to v2_runs/mainb_repair_rhoR050_predB/4000.orbax-checkpoint-tmp-1781995886432220/default
I0620 22:51:34.045320 124923101505344 utils.py:573] Finished saving checkpoint to `v2_runs/mainb_repair_rhoR050_predB/4000.orbax-checkpoint-tmp-1781995886432220/default`.
I0620 22:51:34.053376 124923101505344 utils.py:529] Renaming v2_runs/mainb_repair_rhoR050_predB/4000.orbax-checkpoint-tmp-1781995886432220 to v2_runs/mainb_repair_rhoR050_predB/4000
I0620 22:51:34.091454 124923101505344 checkpointer.py:134] Saving item to v2_runs/mainb_repair_rhoR050_predB/state/4000.orbax-checkpoint-tmp-1781995894075597/default.
I0620 22:51:45.481689 124923101505344 utils.py:529] Renaming v2_runs/mainb_repair_rhoR050_predB/state/4000.orbax-checkpoint-tmp-1781995894075597/default.orbax-checkpoint-tmp-1781995894093587 to v2_runs/mainb_repair_rhoR050_predB/state/4000.orbax-checkpoint-tmp-1781995894075597/default
I0620 22:51:45.495492 124923101505344 utils.py:573] Finished saving checkpoint to `v2_runs/mainb_repair_rhoR050_predB/state/4000.orbax-checkpoint-tmp-1781995894075597/default`.
I0620 22:51:45.532014 124923101505344 checkpoint_manager.py:832] Deleting Checkpoint[step=3500 | time=2026-06-20 22:38:14.856361+00:00]: (Reason: old checkpoint).
I0620 22:51:45.537006 124923101505344 utils.py:529] Renaming v2_runs/mainb_repair_rhoR050_predB/state/4000.orbax-checkpoint-tmp-1781995894075597 to v2_runs/mainb_repair_rhoR050_predB/state/4000
I0620 22:51:45.843832 124923101505344 train_repair_mainb.py:311] 💾 saved checkpoint @ step 4000 -> v2_runs/mainb_repair_rhoR050_predB
I0620 22:51:48.149215 124923101505344 train_repair_mainb.py:300] [full 04000/10000] total=0.5762 kd=0.0102 action=1.1421 lr=1.00e-06 grad_norm=3.8031 | preserve_action=1.1151 repair_action=1.8141
I0620 22:52:57.923126 124923101505344 train_repair_mainb.py:300] [full 04050/10000] total=0.6058 kd=0.0101 action=1.2014 lr=1.00e-06 grad_norm=3.4993
I0620 22:54:07.900648 124923101505344 train_repair_mainb.py:300] [full 04100/10000] total=0.7085 kd=0.0099 action=1.4070 lr=1.00e-06 grad_norm=4.1773 | preserve_action=0.8660 repair_action=1.7494
I0620 22:55:17.232487 124923101505344 train_repair_mainb.py:300] [full 04150/10000] total=0.5981 kd=0.0101 action=1.1861 lr=1.00e-06 grad_norm=3.5542
I0620 22:56:31.788616 124923101505344 train_repair_mainb.py:300] [full 04200/10000] total=0.5992 kd=0.0102 action=1.1882 lr=1.00e-06 grad_norm=4.1865 | preserve_action=1.0933 repair_action=1.6900
I0620 22:58:26.540652 124923101505344 train_repair_mainb.py:300] [full 04250/10000] total=0.6654 kd=0.0105 action=1.3203 lr=1.00e-06 grad_norm=4.2532
I0620 22:59:51.751102 124923101505344 train_repair_mainb.py:300] [full 04300/10000] total=0.6534 kd=0.0105 action=1.2963 lr=1.00e-06 grad_norm=4.0318 | preserve_action=1.1201 repair_action=1.6638
I0620 23:01:02.651633 124923101505344 train_repair_mainb.py:300] [full 04350/10000] total=0.6036 kd=0.0107 action=1.1964 lr=1.00e-06 grad_norm=5.0902
I0620 23:02:26.038784 124923101505344 train_repair_mainb.py:300] [full 04400/10000] total=0.5128 kd=0.0105 action=1.0152 lr=1.00e-06 grad_norm=3.6886 | preserve_action=0.9929 repair_action=1.5957
I0620 23:03:47.153846 124923101505344 train_repair_mainb.py:300] [full 04450/10000] total=0.6286 kd=0.0105 action=1.2466 lr=1.00e-06 grad_norm=4.6052
I0620 23:04:55.670852 124923101505344 checkpointer.py:134] Saving item to v2_runs/mainb_repair_rhoR050_predB/4500.orbax-checkpoint-tmp-1781996695652139/default.
I0620 23:05:01.540809 124923101505344 utils.py:529] Renaming v2_runs/mainb_repair_rhoR050_predB/4500.orbax-checkpoint-tmp-1781996695652139/default.orbax-checkpoint-tmp-1781996695673602 to v2_runs/mainb_repair_rhoR050_predB/4500.orbax-checkpoint-tmp-1781996695652139/default
I0620 23:05:01.545445 124923101505344 utils.py:573] Finished saving checkpoint to `v2_runs/mainb_repair_rhoR050_predB/4500.orbax-checkpoint-tmp-1781996695652139/default`.
I0620 23:05:01.552990 124923101505344 utils.py:529] Renaming v2_runs/mainb_repair_rhoR050_predB/4500.orbax-checkpoint-tmp-1781996695652139 to v2_runs/mainb_repair_rhoR050_predB/4500
I0620 23:05:01.590910 124923101505344 checkpointer.py:134] Saving item to v2_runs/mainb_repair_rhoR050_predB/state/4500.orbax-checkpoint-tmp-1781996701575693/default.
I0620 23:05:14.580256 124923101505344 utils.py:529] Renaming v2_runs/mainb_repair_rhoR050_predB/state/4500.orbax-checkpoint-tmp-1781996701575693/default.orbax-checkpoint-tmp-1781996701592944 to v2_runs/mainb_repair_rhoR050_predB/state/4500.orbax-checkpoint-tmp-1781996701575693/default
I0620 23:05:14.584824 124923101505344 utils.py:573] Finished saving checkpoint to `v2_runs/mainb_repair_rhoR050_predB/state/4500.orbax-checkpoint-tmp-1781996701575693/default`.
I0620 23:05:14.590839 124923101505344 checkpoint_manager.py:832] Deleting Checkpoint[step=4000 | time=2026-06-20 22:51:45.500227+00:00]: (Reason: old checkpoint).
I0620 23:05:14.592958 124923101505344 utils.py:529] Renaming v2_runs/mainb_repair_rhoR050_predB/state/4500.orbax-checkpoint-tmp-1781996701575693 to v2_runs/mainb_repair_rhoR050_predB/state/4500
I0620 23:05:14.837551 124923101505344 train_repair_mainb.py:311] 💾 saved checkpoint @ step 4500 -> v2_runs/mainb_repair_rhoR050_predB
I0620 23:05:17.092425 124923101505344 train_repair_mainb.py:300] [full 04500/10000] total=0.5911 kd=0.0097 action=1.1724 lr=1.00e-06 grad_norm=3.8988 | preserve_action=0.9931 repair_action=1.6971
I0620 23:06:29.454003 124923101505344 train_repair_mainb.py:300] [full 04550/10000] total=0.6207 kd=0.0103 action=1.2310 lr=1.00e-06 grad_norm=4.1349
I0620 23:07:51.866412 124923101505344 train_repair_mainb.py:300] [full 04600/10000] total=0.5927 kd=0.0106 action=1.1748 lr=1.00e-06 grad_norm=4.0926 | preserve_action=1.0882 repair_action=1.8405
I0620 23:09:02.662508 124923101505344 train_repair_mainb.py:300] [full 04650/10000] total=0.6029 kd=0.0101 action=1.1958 lr=1.00e-06 grad_norm=4.2217
I0620 23:10:13.455264 124923101505344 train_repair_mainb.py:300] [full 04700/10000] total=0.5813 kd=0.0098 action=1.1529 lr=1.00e-06 grad_norm=4.1222 | preserve_action=0.9749 repair_action=1.7029
I0620 23:11:24.378096 124923101505344 train_repair_mainb.py:300] [full 04750/10000] total=0.6196 kd=0.0105 action=1.2288 lr=1.00e-06 grad_norm=3.9630
I0620 23:12:39.930024 124923101505344 train_repair_mainb.py:300] [full 04800/10000] total=0.5872 kd=0.0099 action=1.1645 lr=1.00e-06 grad_norm=5.1166 | preserve_action=1.0939 repair_action=1.6048
I0620 23:14:35.207894 124923101505344 train_repair_mainb.py:300] [full 04850/10000] total=0.6880 kd=0.0111 action=1.3649 lr=1.00e-06 grad_norm=4.4582
I0620 23:15:55.993044 124923101505344 train_repair_mainb.py:300] [full 04900/10000] total=0.6447 kd=0.0102 action=1.2792 lr=1.00e-06 grad_norm=4.4157 | preserve_action=1.2885 repair_action=1.8284
I0620 23:17:06.047733 124923101505344 train_repair_mainb.py:300] [full 04950/10000] total=0.7410 kd=0.0099 action=1.4720 lr=1.00e-06 grad_norm=4.2295
I0620 23:18:25.937223 124923101505344 checkpointer.py:134] Saving item to v2_runs/mainb_repair_rhoR050_predB/5000.orbax-checkpoint-tmp-1781997505914406/default.
I0620 23:18:31.943774 124923101505344 utils.py:529] Renaming v2_runs/mainb_repair_rhoR050_predB/5000.orbax-checkpoint-tmp-1781997505914406/default.orbax-checkpoint-tmp-1781997505940573 to v2_runs/mainb_repair_rhoR050_predB/5000.orbax-checkpoint-tmp-1781997505914406/default
I0620 23:18:31.948679 124923101505344 utils.py:573] Finished saving checkpoint to `v2_runs/mainb_repair_rhoR050_predB/5000.orbax-checkpoint-tmp-1781997505914406/default`.
I0620 23:18:31.956870 124923101505344 utils.py:529] Renaming v2_runs/mainb_repair_rhoR050_predB/5000.orbax-checkpoint-tmp-1781997505914406 to v2_runs/mainb_repair_rhoR050_predB/5000
I0620 23:18:32.003735 124923101505344 checkpointer.py:134] Saving item to v2_runs/mainb_repair_rhoR050_predB/state/5000.orbax-checkpoint-tmp-1781997511984710/default.
I0620 23:18:42.646393 124923101505344 utils.py:529] Renaming v2_runs/mainb_repair_rhoR050_predB/state/5000.orbax-checkpoint-tmp-1781997511984710/default.orbax-checkpoint-tmp-1781997512024192 to v2_runs/mainb_repair_rhoR050_predB/state/5000.orbax-checkpoint-tmp-1781997511984710/default
I0620 23:18:42.652287 124923101505344 utils.py:573] Finished saving checkpoint to `v2_runs/mainb_repair_rhoR050_predB/state/5000.orbax-checkpoint-tmp-1781997511984710/default`.
I0620 23:18:42.661359 124923101505344 checkpoint_manager.py:832] Deleting Checkpoint[step=4500 | time=2026-06-20 23:05:14.586979+00:00]: (Reason: old checkpoint).
I0620 23:18:42.666477 124923101505344 utils.py:529] Renaming v2_runs/mainb_repair_rhoR050_predB/state/5000.orbax-checkpoint-tmp-1781997511984710 to v2_runs/mainb_repair_rhoR050_predB/state/5000
I0620 23:18:42.937815 124923101505344 train_repair_mainb.py:311] 💾 saved checkpoint @ step 5000 -> v2_runs/mainb_repair_rhoR050_predB
I0620 23:18:45.260450 124923101505344 train_repair_mainb.py:300] [full 05000/10000] total=0.6978 kd=0.0102 action=1.3853 lr=1.00e-06 grad_norm=3.6772 | preserve_action=1.1844 repair_action=1.8208
I0620 23:20:04.285474 124923101505344 train_repair_mainb.py:300] [full 05050/10000] total=0.6814 kd=0.0100 action=1.3527 lr=1.00e-06 grad_norm=4.4877
I0620 23:21:14.623364 124923101505344 train_repair_mainb.py:300] [full 05100/10000] total=0.6174 kd=0.0103 action=1.2245 lr=1.00e-06 grad_norm=4.1414 | preserve_action=1.1607 repair_action=1.7529
I0620 23:22:27.746735 124923101505344 train_repair_mainb.py:300] [full 05150/10000] total=0.7352 kd=0.0099 action=1.4606 lr=1.00e-06 grad_norm=5.8760
I0620 23:23:48.626770 124923101505344 train_repair_mainb.py:300] [full 05200/10000] total=0.7469 kd=0.0105 action=1.4832 lr=1.00e-06 grad_norm=5.0642 | preserve_action=1.0481 repair_action=1.9665
I0620 23:24:58.738738 124923101505344 train_repair_mainb.py:300] [full 05250/10000] total=0.6634 kd=0.0102 action=1.3167 lr=1.00e-06 grad_norm=5.0680
I0620 23:26:10.258203 124923101505344 train_repair_mainb.py:300] [full 05300/10000] total=0.6278 kd=0.0100 action=1.2457 lr=1.00e-06 grad_norm=3.8988 | preserve_action=1.0229 repair_action=1.6675
I0620 23:27:20.418185 124923101505344 train_repair_mainb.py:300] [full 05350/10000] total=0.5740 kd=0.0105 action=1.1374 lr=1.00e-06 grad_norm=4.4263
I0620 23:28:31.143331 124923101505344 train_repair_mainb.py:300] [full 05400/10000] total=0.6298 kd=0.0102 action=1.2493 lr=1.00e-06 grad_norm=4.6228 | preserve_action=1.1230 repair_action=1.7721
I0620 23:30:29.683022 124923101505344 train_repair_mainb.py:300] [full 05450/10000] total=0.5983 kd=0.0106 action=1.1860 lr=1.00e-06 grad_norm=4.7295
I0620 23:31:39.080567 124923101505344 checkpointer.py:134] Saving item to v2_runs/mainb_repair_rhoR050_predB/5500.orbax-checkpoint-tmp-1781998299056007/default.
I0620 23:31:45.634974 124923101505344 utils.py:529] Renaming v2_runs/mainb_repair_rhoR050_predB/5500.orbax-checkpoint-tmp-1781998299056007/default.orbax-checkpoint-tmp-1781998299088560 to v2_runs/mainb_repair_rhoR050_predB/5500.orbax-checkpoint-tmp-1781998299056007/default
I0620 23:31:45.642258 124923101505344 utils.py:573] Finished saving checkpoint to `v2_runs/mainb_repair_rhoR050_predB/5500.orbax-checkpoint-tmp-1781998299056007/default`.
I0620 23:31:45.650353 124923101505344 utils.py:529] Renaming v2_runs/mainb_repair_rhoR050_predB/5500.orbax-checkpoint-tmp-1781998299056007 to v2_runs/mainb_repair_rhoR050_predB/5500
I0620 23:31:45.691736 124923101505344 checkpointer.py:134] Saving item to v2_runs/mainb_repair_rhoR050_predB/state/5500.orbax-checkpoint-tmp-1781998305674356/default.
I0620 23:31:56.098567 124923101505344 utils.py:529] Renaming v2_runs/mainb_repair_rhoR050_predB/state/5500.orbax-checkpoint-tmp-1781998305674356/default.orbax-checkpoint-tmp-1781998305693444 to v2_runs/mainb_repair_rhoR050_predB/state/5500.orbax-checkpoint-tmp-1781998305674356/default
I0620 23:31:56.127961 124923101505344 utils.py:573] Finished saving checkpoint to `v2_runs/mainb_repair_rhoR050_predB/state/5500.orbax-checkpoint-tmp-1781998305674356/default`.
I0620 23:31:56.136276 124923101505344 checkpoint_manager.py:832] Deleting Checkpoint[step=5000 | time=2026-06-20 23:18:42.655892+00:00]: (Reason: old checkpoint).
I0620 23:31:56.139322 124923101505344 utils.py:529] Renaming v2_runs/mainb_repair_rhoR050_predB/state/5500.orbax-checkpoint-tmp-1781998305674356 to v2_runs/mainb_repair_rhoR050_predB/state/5500
I0620 23:31:56.346638 124923101505344 train_repair_mainb.py:311] 💾 saved checkpoint @ step 5500 -> v2_runs/mainb_repair_rhoR050_predB
I0620 23:31:58.612910 124923101505344 train_repair_mainb.py:300] [full 05500/10000] total=0.6161 kd=0.0103 action=1.2220 lr=1.00e-06 grad_norm=4.7497 | preserve_action=1.2231 repair_action=1.7348
I0620 23:33:20.285696 124923101505344 train_repair_mainb.py:300] [full 05550/10000] total=0.6394 kd=0.0102 action=1.2686 lr=1.00e-06 grad_norm=4.2442
I0620 23:34:43.741010 124923101505344 train_repair_mainb.py:300] [full 05600/10000] total=0.6649 kd=0.0107 action=1.3191 lr=1.00e-06 grad_norm=4.8260 | preserve_action=0.9588 repair_action=1.8757
I0620 23:36:05.378117 124923101505344 train_repair_mainb.py:300] [full 05650/10000] total=0.5769 kd=0.0099 action=1.1439 lr=1.00e-06 grad_norm=3.8981
I0620 23:37:16.751492 124923101505344 train_repair_mainb.py:300] [full 05700/10000] total=0.6147 kd=0.0100 action=1.2195 lr=1.00e-06 grad_norm=4.3804 | preserve_action=1.0061 repair_action=1.6696
I0620 23:38:29.637339 124923101505344 train_repair_mainb.py:300] [full 05750/10000] total=0.5796 kd=0.0103 action=1.1490 lr=1.00e-06 grad_norm=4.2605
I0620 23:39:51.177055 124923101505344 train_repair_mainb.py:300] [full 05800/10000] total=0.6012 kd=0.0105 action=1.1919 lr=1.00e-06 grad_norm=4.4193 | preserve_action=0.9718 repair_action=1.7621
I0620 23:41:01.945691 124923101505344 train_repair_mainb.py:300] [full 05850/10000] total=0.5972 kd=0.0099 action=1.1846 lr=1.00e-06 grad_norm=4.2963
I0620 23:42:13.954476 124923101505344 train_repair_mainb.py:300] [full 05900/10000] total=0.6626 kd=0.0104 action=1.3148 lr=1.00e-06 grad_norm=4.5038 | preserve_action=1.1176 repair_action=1.8157
I0620 23:43:23.930247 124923101505344 train_repair_mainb.py:300] [full 05950/10000] total=0.5708 kd=0.0103 action=1.1314 lr=1.00e-06 grad_norm=3.4738
I0620 23:44:30.984964 124923101505344 checkpointer.py:134] Saving item to v2_runs/mainb_repair_rhoR050_predB/6000.orbax-checkpoint-tmp-1781999070973458/default.
I0620 23:44:36.448019 124923101505344 utils.py:529] Renaming v2_runs/mainb_repair_rhoR050_predB/6000.orbax-checkpoint-tmp-1781999070973458/default.orbax-checkpoint-tmp-1781999070995814 to v2_runs/mainb_repair_rhoR050_predB/6000.orbax-checkpoint-tmp-1781999070973458/default
I0620 23:44:36.453125 124923101505344 utils.py:573] Finished saving checkpoint to `v2_runs/mainb_repair_rhoR050_predB/6000.orbax-checkpoint-tmp-1781999070973458/default`.
I0620 23:44:36.456369 124923101505344 utils.py:529] Renaming v2_runs/mainb_repair_rhoR050_predB/6000.orbax-checkpoint-tmp-1781999070973458 to v2_runs/mainb_repair_rhoR050_predB/6000
I0620 23:44:36.476051 124923101505344 checkpointer.py:134] Saving item to v2_runs/mainb_repair_rhoR050_predB/state/6000.orbax-checkpoint-tmp-1781999076468263/default.
I0620 23:44:46.580308 124923101505344 utils.py:529] Renaming v2_runs/mainb_repair_rhoR050_predB/state/6000.orbax-checkpoint-tmp-1781999076468263/default.orbax-checkpoint-tmp-1781999076477267 to v2_runs/mainb_repair_rhoR050_predB/state/6000.orbax-checkpoint-tmp-1781999076468263/default
I0620 23:44:46.583254 124923101505344 utils.py:573] Finished saving checkpoint to `v2_runs/mainb_repair_rhoR050_predB/state/6000.orbax-checkpoint-tmp-1781999076468263/default`.
I0620 23:44:46.593435 124923101505344 checkpoint_manager.py:832] Deleting Checkpoint[step=5500 | time=2026-06-20 23:31:56.131176+00:00]: (Reason: old checkpoint).
I0620 23:44:46.597278 124923101505344 utils.py:529] Renaming v2_runs/mainb_repair_rhoR050_predB/state/6000.orbax-checkpoint-tmp-1781999076468263 to v2_runs/mainb_repair_rhoR050_predB/state/6000
I0620 23:44:46.831392 124923101505344 train_repair_mainb.py:311] 💾 saved checkpoint @ step 6000 -> v2_runs/mainb_repair_rhoR050_predB
I0620 23:44:48.998459 124923101505344 train_repair_mainb.py:300] [full 06000/10000] total=0.6123 kd=0.0098 action=1.2147 lr=1.00e-06 grad_norm=3.9210 | preserve_action=1.1894 repair_action=1.7529
I0620 23:46:50.476443 124923101505344 train_repair_mainb.py:300] [full 06050/10000] total=0.6488 kd=0.0097 action=1.2878 lr=1.00e-06 grad_norm=5.2888
I0620 23:48:01.553618 124923101505344 train_repair_mainb.py:300] [full 06100/10000] total=0.6117 kd=0.0098 action=1.2136 lr=1.00e-06 grad_norm=4.2921 | preserve_action=1.1203 repair_action=1.9162
I0620 23:49:21.929298 124923101505344 train_repair_mainb.py:300] [full 06150/10000] total=0.7073 kd=0.0103 action=1.4043 lr=1.00e-06 grad_norm=4.2454
I0620 23:50:43.549393 124923101505344 train_repair_mainb.py:300] [full 06200/10000] total=0.6398 kd=0.0105 action=1.2691 lr=1.00e-06 grad_norm=4.7892 | preserve_action=1.1118 repair_action=1.7830
I0620 23:51:54.375276 124923101505344 train_repair_mainb.py:300] [full 06250/10000] total=0.5713 kd=0.0104 action=1.1322 lr=1.00e-06 grad_norm=4.4972
I0620 23:53:17.658781 124923101505344 train_repair_mainb.py:300] [full 06300/10000] total=0.6406 kd=0.0101 action=1.2711 lr=1.00e-06 grad_norm=4.0121 | preserve_action=1.1520 repair_action=1.7077
I0620 23:54:31.152534 124923101505344 train_repair_mainb.py:300] [full 06350/10000] total=0.7062 kd=0.0104 action=1.4019 lr=1.00e-06 grad_norm=3.7823
I0620 23:55:52.507447 124923101505344 train_repair_mainb.py:300] [full 06400/10000] total=0.6263 kd=0.0102 action=1.2424 lr=1.00e-06 grad_norm=4.2610 | preserve_action=1.1070 repair_action=1.6802
I0620 23:57:02.541222 124923101505344 train_repair_mainb.py:300] [full 06450/10000] total=0.5776 kd=0.0101 action=1.1452 lr=1.00e-06 grad_norm=3.7511
I0620 23:58:11.836570 124923101505344 checkpointer.py:134] Saving item to v2_runs/mainb_repair_rhoR050_predB/6500.orbax-checkpoint-tmp-1781999891807348/default.
I0620 23:58:17.453116 124923101505344 utils.py:529] Renaming v2_runs/mainb_repair_rhoR050_predB/6500.orbax-checkpoint-tmp-1781999891807348/default.orbax-checkpoint-tmp-1781999891839422 to v2_runs/mainb_repair_rhoR050_predB/6500.orbax-checkpoint-tmp-1781999891807348/default
I0620 23:58:17.457385 124923101505344 utils.py:573] Finished saving checkpoint to `v2_runs/mainb_repair_rhoR050_predB/6500.orbax-checkpoint-tmp-1781999891807348/default`.
I0620 23:58:17.464320 124923101505344 utils.py:529] Renaming v2_runs/mainb_repair_rhoR050_predB/6500.orbax-checkpoint-tmp-1781999891807348 to v2_runs/mainb_repair_rhoR050_predB/6500
I0620 23:58:17.500552 124923101505344 checkpointer.py:134] Saving item to v2_runs/mainb_repair_rhoR050_predB/state/6500.orbax-checkpoint-tmp-1781999897486038/default.
I0620 23:58:27.936228 124923101505344 utils.py:529] Renaming v2_runs/mainb_repair_rhoR050_predB/state/6500.orbax-checkpoint-tmp-1781999897486038/default.orbax-checkpoint-tmp-1781999897522331 to v2_runs/mainb_repair_rhoR050_predB/state/6500.orbax-checkpoint-tmp-1781999897486038/default
I0620 23:58:27.946867 124923101505344 utils.py:573] Finished saving checkpoint to `v2_runs/mainb_repair_rhoR050_predB/state/6500.orbax-checkpoint-tmp-1781999897486038/default`.
I0620 23:58:27.956671 124923101505344 checkpoint_manager.py:832] Deleting Checkpoint[step=6000 | time=2026-06-20 23:44:46.585633+00:00]: (Reason: old checkpoint).
I0620 23:58:27.960753 124923101505344 utils.py:529] Renaming v2_runs/mainb_repair_rhoR050_predB/state/6500.orbax-checkpoint-tmp-1781999897486038 to v2_runs/mainb_repair_rhoR050_predB/state/6500
I0620 23:58:28.190896 124923101505344 train_repair_mainb.py:311] 💾 saved checkpoint @ step 6500 -> v2_runs/mainb_repair_rhoR050_predB
I0620 23:58:30.502142 124923101505344 train_repair_mainb.py:300] [full 06500/10000] total=0.6189 kd=0.0104 action=1.2273 lr=1.00e-06 grad_norm=4.7942 | preserve_action=1.1571 repair_action=1.6451
I0620 23:59:38.243165 124923101505344 train_repair_mainb.py:300] [full 06550/10000] total=0.5809 kd=0.0106 action=1.1512 lr=1.00e-06 grad_norm=4.6913
I0621 00:00:46.723008 124923101505344 train_repair_mainb.py:300] [full 06600/10000] total=0.5949 kd=0.0100 action=1.1799 lr=1.00e-06 grad_norm=4.7277 | preserve_action=1.2764 repair_action=1.6626
I0621 00:02:43.999188 124923101505344 train_repair_mainb.py:300] [full 06650/10000] total=0.6689 kd=0.0102 action=1.3275 lr=1.00e-06 grad_norm=4.5908
I0621 00:03:54.974456 124923101505344 train_repair_mainb.py:300] [full 06700/10000] total=0.6244 kd=0.0101 action=1.2387 lr=1.00e-06 grad_norm=4.3284 | preserve_action=1.0295 repair_action=1.7593
I0621 00:05:17.346435 124923101505344 train_repair_mainb.py:300] [full 06750/10000] total=0.6504 kd=0.0103 action=1.2906 lr=1.00e-06 grad_norm=4.1906
I0621 00:06:39.858756 124923101505344 train_repair_mainb.py:300] [full 06800/10000] total=0.6438 kd=0.0109 action=1.2768 lr=1.00e-06 grad_norm=4.2634 | preserve_action=1.2144 repair_action=1.7542
I0621 00:07:49.985513 124923101505344 train_repair_mainb.py:300] [full 06850/10000] total=0.6101 kd=0.0100 action=1.2102 lr=1.00e-06 grad_norm=3.7656
I0621 00:09:11.750295 124923101505344 train_repair_mainb.py:300] [full 06900/10000] total=0.6197 kd=0.0100 action=1.2293 lr=1.00e-06 grad_norm=4.7674 | preserve_action=0.9673 repair_action=1.7183
I0621 00:10:24.543148 124923101505344 train_repair_mainb.py:300] [full 06950/10000] total=0.5676 kd=0.0104 action=1.1247 lr=1.00e-06 grad_norm=3.3368
I0621 00:11:33.116099 124923101505344 checkpointer.py:134] Saving item to v2_runs/mainb_repair_rhoR050_predB/7000.orbax-checkpoint-tmp-1782000693090454/default.
I0621 00:11:38.765087 124923101505344 utils.py:529] Renaming v2_runs/mainb_repair_rhoR050_predB/7000.orbax-checkpoint-tmp-1782000693090454/default.orbax-checkpoint-tmp-1782000693118826 to v2_runs/mainb_repair_rhoR050_predB/7000.orbax-checkpoint-tmp-1782000693090454/default
I0621 00:11:38.767792 124923101505344 utils.py:573] Finished saving checkpoint to `v2_runs/mainb_repair_rhoR050_predB/7000.orbax-checkpoint-tmp-1782000693090454/default`.
I0621 00:11:38.771190 124923101505344 utils.py:529] Renaming v2_runs/mainb_repair_rhoR050_predB/7000.orbax-checkpoint-tmp-1782000693090454 to v2_runs/mainb_repair_rhoR050_predB/7000
I0621 00:11:38.791130 124923101505344 checkpointer.py:134] Saving item to v2_runs/mainb_repair_rhoR050_predB/state/7000.orbax-checkpoint-tmp-1782000698783643/default.
I0621 00:11:48.755047 124923101505344 utils.py:529] Renaming v2_runs/mainb_repair_rhoR050_predB/state/7000.orbax-checkpoint-tmp-1782000698783643/default.orbax-checkpoint-tmp-1782000698792356 to v2_runs/mainb_repair_rhoR050_predB/state/7000.orbax-checkpoint-tmp-1782000698783643/default
I0621 00:11:48.758899 124923101505344 utils.py:573] Finished saving checkpoint to `v2_runs/mainb_repair_rhoR050_predB/state/7000.orbax-checkpoint-tmp-1782000698783643/default`.
I0621 00:11:48.765321 124923101505344 checkpoint_manager.py:832] Deleting Checkpoint[step=6500 | time=2026-06-20 23:58:27.951032+00:00]: (Reason: old checkpoint).
I0621 00:11:48.767546 124923101505344 utils.py:529] Renaming v2_runs/mainb_repair_rhoR050_predB/state/7000.orbax-checkpoint-tmp-1782000698783643 to v2_runs/mainb_repair_rhoR050_predB/state/7000
I0621 00:11:48.961647 124923101505344 train_repair_mainb.py:311] 💾 saved checkpoint @ step 7000 -> v2_runs/mainb_repair_rhoR050_predB
I0621 00:11:51.202696 124923101505344 train_repair_mainb.py:300] [full 07000/10000] total=0.5773 kd=0.0098 action=1.1449 lr=1.00e-06 grad_norm=3.7660 | preserve_action=1.1377 repair_action=1.7361
I0621 00:13:12.448249 124923101505344 train_repair_mainb.py:300] [full 07050/10000] total=0.6144 kd=0.0104 action=1.2184 lr=1.00e-06 grad_norm=4.2807
I0621 00:14:23.804102 124923101505344 train_repair_mainb.py:300] [full 07100/10000] total=0.7382 kd=0.0101 action=1.4663 lr=1.00e-06 grad_norm=5.0126 | preserve_action=1.1720 repair_action=1.7483
I0621 00:15:35.090962 124923101505344 train_repair_mainb.py:300] [full 07150/10000] total=0.5741 kd=0.0101 action=1.1382 lr=1.00e-06 grad_norm=4.1852
I0621 00:16:46.047341 124923101505344 train_repair_mainb.py:300] [full 07200/10000] total=0.5578 kd=0.0096 action=1.1059 lr=1.00e-06 grad_norm=3.8234 | preserve_action=1.0625 repair_action=1.5503
I0621 00:18:00.361217 124923101505344 train_repair_mainb.py:300] [full 07250/10000] total=0.6770 kd=0.0105 action=1.3436 lr=1.00e-06 grad_norm=4.1546
I0621 00:19:58.456841 124923101505344 train_repair_mainb.py:300] [full 07300/10000] total=0.5736 kd=0.0099 action=1.1374 lr=1.00e-06 grad_norm=4.7144 | preserve_action=1.2002 repair_action=1.5663
I0621 00:21:20.454615 124923101505344 train_repair_mainb.py:300] [full 07350/10000] total=0.7017 kd=0.0099 action=1.3935 lr=1.00e-06 grad_norm=4.4037
I0621 00:22:43.266570 124923101505344 train_repair_mainb.py:300] [full 07400/10000] total=0.5942 kd=0.0100 action=1.1784 lr=1.00e-06 grad_norm=4.5969 | preserve_action=1.0037 repair_action=1.7653
I0621 00:23:54.254298 124923101505344 train_repair_mainb.py:300] [full 07450/10000] total=0.6706 kd=0.0103 action=1.3310 lr=1.00e-06 grad_norm=3.9570
I0621 00:25:08.940808 124923101505344 checkpointer.py:134] Saving item to v2_runs/mainb_repair_rhoR050_predB/7500.orbax-checkpoint-tmp-1782001508922220/default.
I0621 00:25:15.026773 124923101505344 utils.py:529] Renaming v2_runs/mainb_repair_rhoR050_predB/7500.orbax-checkpoint-tmp-1782001508922220/default.orbax-checkpoint-tmp-1782001508943079 to v2_runs/mainb_repair_rhoR050_predB/7500.orbax-checkpoint-tmp-1782001508922220/default
I0621 00:25:15.032442 124923101505344 utils.py:573] Finished saving checkpoint to `v2_runs/mainb_repair_rhoR050_predB/7500.orbax-checkpoint-tmp-1782001508922220/default`.
I0621 00:25:15.039706 124923101505344 utils.py:529] Renaming v2_runs/mainb_repair_rhoR050_predB/7500.orbax-checkpoint-tmp-1782001508922220 to v2_runs/mainb_repair_rhoR050_predB/7500
I0621 00:25:15.076216 124923101505344 checkpointer.py:134] Saving item to v2_runs/mainb_repair_rhoR050_predB/state/7500.orbax-checkpoint-tmp-1782001515060864/default.
I0621 00:25:25.534318 124923101505344 utils.py:529] Renaming v2_runs/mainb_repair_rhoR050_predB/state/7500.orbax-checkpoint-tmp-1782001515060864/default.orbax-checkpoint-tmp-1782001515077807 to v2_runs/mainb_repair_rhoR050_predB/state/7500.orbax-checkpoint-tmp-1782001515060864/default
I0621 00:25:25.539020 124923101505344 utils.py:573] Finished saving checkpoint to `v2_runs/mainb_repair_rhoR050_predB/state/7500.orbax-checkpoint-tmp-1782001515060864/default`.
I0621 00:25:25.546217 124923101505344 checkpoint_manager.py:832] Deleting Checkpoint[step=7000 | time=2026-06-21 00:11:48.760902+00:00]: (Reason: old checkpoint).
I0621 00:25:25.548621 124923101505344 utils.py:529] Renaming v2_runs/mainb_repair_rhoR050_predB/state/7500.orbax-checkpoint-tmp-1782001515060864 to v2_runs/mainb_repair_rhoR050_predB/state/7500
I0621 00:25:25.734843 124923101505344 train_repair_mainb.py:311] 💾 saved checkpoint @ step 7500 -> v2_runs/mainb_repair_rhoR050_predB
I0621 00:25:27.997401 124923101505344 train_repair_mainb.py:300] [full 07500/10000] total=0.6621 kd=0.0104 action=1.3139 lr=1.00e-06 grad_norm=5.1231 | preserve_action=1.1937 repair_action=1.8305
I0621 00:26:48.439468 124923101505344 train_repair_mainb.py:300] [full 07550/10000] total=0.5715 kd=0.0098 action=1.1332 lr=1.00e-06 grad_norm=3.9919
I0621 00:27:58.950335 124923101505344 train_repair_mainb.py:300] [full 07600/10000] total=0.6049 kd=0.0102 action=1.1997 lr=1.00e-06 grad_norm=4.7260 | preserve_action=1.1044 repair_action=1.6171
I0621 00:29:18.453766 124923101505344 train_repair_mainb.py:300] [full 07650/10000] total=0.6167 kd=0.0102 action=1.2233 lr=1.00e-06 grad_norm=4.3445
I0621 00:30:29.666609 124923101505344 train_repair_mainb.py:300] [full 07700/10000] total=0.6153 kd=0.0106 action=1.2199 lr=1.00e-06 grad_norm=4.3493 | preserve_action=1.1174 repair_action=1.6089
I0621 00:31:40.620215 124923101505344 train_repair_mainb.py:300] [full 07750/10000] total=0.6097 kd=0.0098 action=1.2097 lr=1.00e-06 grad_norm=4.4773
I0621 00:32:52.152572 124923101505344 train_repair_mainb.py:300] [full 07800/10000] total=0.5302 kd=0.0106 action=1.0497 lr=1.00e-06 grad_norm=4.1950 | preserve_action=0.9876 repair_action=1.6774
I0621 00:34:07.964408 124923101505344 train_repair_mainb.py:300] [full 07850/10000] total=0.6558 kd=0.0097 action=1.3018 lr=1.00e-06 grad_norm=3.8667
I0621 00:36:06.123013 124923101505344 train_repair_mainb.py:300] [full 07900/10000] total=0.7553 kd=0.0104 action=1.5001 lr=1.00e-06 grad_norm=4.9998 | preserve_action=1.1237 repair_action=1.7710
I0621 00:37:28.886755 124923101505344 train_repair_mainb.py:300] [full 07950/10000] total=0.6723 kd=0.0099 action=1.3346 lr=1.00e-06 grad_norm=3.8259
I0621 00:38:36.635741 124923101505344 checkpointer.py:134] Saving item to v2_runs/mainb_repair_rhoR050_predB/8000.orbax-checkpoint-tmp-1782002316612128/default.
I0621 00:38:43.289942 124923101505344 utils.py:529] Renaming v2_runs/mainb_repair_rhoR050_predB/8000.orbax-checkpoint-tmp-1782002316612128/default.orbax-checkpoint-tmp-1782002316639300 to v2_runs/mainb_repair_rhoR050_predB/8000.orbax-checkpoint-tmp-1782002316612128/default
I0621 00:38:43.294688 124923101505344 utils.py:573] Finished saving checkpoint to `v2_runs/mainb_repair_rhoR050_predB/8000.orbax-checkpoint-tmp-1782002316612128/default`.
I0621 00:38:43.300898 124923101505344 utils.py:529] Renaming v2_runs/mainb_repair_rhoR050_predB/8000.orbax-checkpoint-tmp-1782002316612128 to v2_runs/mainb_repair_rhoR050_predB/8000
I0621 00:38:43.528211 124923101505344 checkpointer.py:134] Saving item to v2_runs/mainb_repair_rhoR050_predB/state/8000.orbax-checkpoint-tmp-1782002323354892/default.
I0621 00:38:55.340759 124923101505344 utils.py:529] Renaming v2_runs/mainb_repair_rhoR050_predB/state/8000.orbax-checkpoint-tmp-1782002323354892/default.orbax-checkpoint-tmp-1782002323531980 to v2_runs/mainb_repair_rhoR050_predB/state/8000.orbax-checkpoint-tmp-1782002323354892/default
I0621 00:38:55.348164 124923101505344 utils.py:573] Finished saving checkpoint to `v2_runs/mainb_repair_rhoR050_predB/state/8000.orbax-checkpoint-tmp-1782002323354892/default`.
I0621 00:38:55.553959 124923101505344 checkpoint_manager.py:832] Deleting Checkpoint[step=7500 | time=2026-06-21 00:25:25.541341+00:00]: (Reason: old checkpoint).
I0621 00:38:55.558509 124923101505344 utils.py:529] Renaming v2_runs/mainb_repair_rhoR050_predB/state/8000.orbax-checkpoint-tmp-1782002323354892 to v2_runs/mainb_repair_rhoR050_predB/state/8000
I0621 00:38:55.823371 124923101505344 train_repair_mainb.py:311] 💾 saved checkpoint @ step 8000 -> v2_runs/mainb_repair_rhoR050_predB
I0621 00:38:58.037834 124923101505344 train_repair_mainb.py:300] [full 08000/10000] total=0.6647 kd=0.0102 action=1.3193 lr=1.00e-06 grad_norm=4.9759 | preserve_action=1.1102 repair_action=1.7769
I0621 00:40:20.297636 124923101505344 train_repair_mainb.py:300] [full 08050/10000] total=0.6384 kd=0.0099 action=1.2669 lr=1.00e-06 grad_norm=4.7588
I0621 00:41:34.653701 124923101505344 train_repair_mainb.py:300] [full 08100/10000] total=0.5753 kd=0.0104 action=1.1402 lr=1.00e-06 grad_norm=3.8561 | preserve_action=1.1729 repair_action=1.7589
I0621 00:42:42.548620 124923101505344 train_repair_mainb.py:300] [full 08150/10000] total=0.6421 kd=0.0098 action=1.2744 lr=1.00e-06 grad_norm=4.0823
I0621 00:43:52.477594 124923101505344 train_repair_mainb.py:300] [full 08200/10000] total=0.6038 kd=0.0101 action=1.1975 lr=1.00e-06 grad_norm=3.9805 | preserve_action=1.1017 repair_action=1.6345
I0621 00:45:12.695833 124923101505344 train_repair_mainb.py:300] [full 08250/10000] total=0.5707 kd=0.0102 action=1.1312 lr=1.00e-06 grad_norm=3.3709
I0621 00:46:22.772491 124923101505344 train_repair_mainb.py:300] [full 08300/10000] total=0.6447 kd=0.0103 action=1.2791 lr=1.00e-06 grad_norm=3.8015 | preserve_action=1.1767 repair_action=1.7832
I0621 00:47:32.487537 124923101505344 train_repair_mainb.py:300] [full 08350/10000] total=0.5496 kd=0.0103 action=1.0890 lr=1.00e-06 grad_norm=3.7197
I0621 00:48:42.265739 124923101505344 train_repair_mainb.py:300] [full 08400/10000] total=0.6541 kd=0.0103 action=1.2980 lr=1.00e-06 grad_norm=4.5757 | preserve_action=1.0539 repair_action=1.7404
I0621 00:49:51.613123 124923101505344 train_repair_mainb.py:300] [full 08450/10000] total=0.6234 kd=0.0102 action=1.2366 lr=1.00e-06 grad_norm=4.5400
I0621 00:51:17.401538 124923101505344 checkpointer.py:134] Saving item to v2_runs/mainb_repair_rhoR050_predB/8500.orbax-checkpoint-tmp-1782003077388632/default.
I0621 00:51:23.244322 124923101505344 utils.py:529] Renaming v2_runs/mainb_repair_rhoR050_predB/8500.orbax-checkpoint-tmp-1782003077388632/default.orbax-checkpoint-tmp-1782003077435083 to v2_runs/mainb_repair_rhoR050_predB/8500.orbax-checkpoint-tmp-1782003077388632/default
I0621 00:51:23.249318 124923101505344 utils.py:573] Finished saving checkpoint to `v2_runs/mainb_repair_rhoR050_predB/8500.orbax-checkpoint-tmp-1782003077388632/default`.
I0621 00:51:23.256445 124923101505344 utils.py:529] Renaming v2_runs/mainb_repair_rhoR050_predB/8500.orbax-checkpoint-tmp-1782003077388632 to v2_runs/mainb_repair_rhoR050_predB/8500
I0621 00:51:23.291615 124923101505344 checkpointer.py:134] Saving item to v2_runs/mainb_repair_rhoR050_predB/state/8500.orbax-checkpoint-tmp-1782003083278072/default.
I0621 00:51:33.644228 124923101505344 utils.py:529] Renaming v2_runs/mainb_repair_rhoR050_predB/state/8500.orbax-checkpoint-tmp-1782003083278072/default.orbax-checkpoint-tmp-1782003083293319 to v2_runs/mainb_repair_rhoR050_predB/state/8500.orbax-checkpoint-tmp-1782003083278072/default
I0621 00:51:33.649836 124923101505344 utils.py:573] Finished saving checkpoint to `v2_runs/mainb_repair_rhoR050_predB/state/8500.orbax-checkpoint-tmp-1782003083278072/default`.
I0621 00:51:33.660483 124923101505344 checkpoint_manager.py:832] Deleting Checkpoint[step=8000 | time=2026-06-21 00:38:55.352229+00:00]: (Reason: old checkpoint).
I0621 00:51:33.664681 124923101505344 utils.py:529] Renaming v2_runs/mainb_repair_rhoR050_predB/state/8500.orbax-checkpoint-tmp-1782003083278072 to v2_runs/mainb_repair_rhoR050_predB/state/8500
I0621 00:51:33.870078 124923101505344 train_repair_mainb.py:311] 💾 saved checkpoint @ step 8500 -> v2_runs/mainb_repair_rhoR050_predB
I0621 00:51:36.071417 124923101505344 train_repair_mainb.py:300] [full 08500/10000] total=0.7698 kd=0.0105 action=1.5290 lr=1.00e-06 grad_norm=4.7688 | preserve_action=1.1081 repair_action=1.7702
I0621 00:52:57.278018 124923101505344 train_repair_mainb.py:300] [full 08550/10000] total=0.5354 kd=0.0100 action=1.0609 lr=1.00e-06 grad_norm=3.9246
I0621 00:54:07.389923 124923101505344 train_repair_mainb.py:300] [full 08600/10000] total=0.7059 kd=0.0097 action=1.4021 lr=1.00e-06 grad_norm=4.4173 | preserve_action=1.1085 repair_action=1.7546
I0621 00:55:28.221537 124923101505344 train_repair_mainb.py:300] [full 08650/10000] total=0.6102 kd=0.0104 action=1.2101 lr=1.00e-06 grad_norm=4.3231
I0621 00:56:51.117106 124923101505344 train_repair_mainb.py:300] [full 08700/10000] total=0.6331 kd=0.0106 action=1.2555 lr=1.00e-06 grad_norm=3.9194 | preserve_action=1.0754 repair_action=1.7406
I0621 00:58:00.818357 124923101505344 train_repair_mainb.py:300] [full 08750/10000] total=0.5863 kd=0.0101 action=1.1625 lr=1.00e-06 grad_norm=4.7544
I0621 00:59:13.133169 124923101505344 train_repair_mainb.py:300] [full 08800/10000] total=0.6414 kd=0.0099 action=1.2729 lr=1.00e-06 grad_norm=4.1246 | preserve_action=0.9679 repair_action=1.6723
I0621 01:00:32.422030 124923101505344 train_repair_mainb.py:300] [full 08850/10000] total=0.7076 kd=0.0105 action=1.4047 lr=1.00e-06 grad_norm=3.8819
I0621 01:01:42.997329 124923101505344 train_repair_mainb.py:300] [full 08900/10000] total=0.6035 kd=0.0100 action=1.1971 lr=1.00e-06 grad_norm=4.9670 | preserve_action=1.3393 repair_action=1.6941
I0621 01:02:52.734458 124923101505344 train_repair_mainb.py:300] [full 08950/10000] total=0.7207 kd=0.0101 action=1.4314 lr=1.00e-06 grad_norm=4.1588
I0621 01:04:01.030356 124923101505344 checkpointer.py:134] Saving item to v2_runs/mainb_repair_rhoR050_predB/9000.orbax-checkpoint-tmp-1782003840986378/default.
I0621 01:04:07.792061 124923101505344 utils.py:529] Renaming v2_runs/mainb_repair_rhoR050_predB/9000.orbax-checkpoint-tmp-1782003840986378/default.orbax-checkpoint-tmp-1782003841035252 to v2_runs/mainb_repair_rhoR050_predB/9000.orbax-checkpoint-tmp-1782003840986378/default
I0621 01:04:07.797710 124923101505344 utils.py:573] Finished saving checkpoint to `v2_runs/mainb_repair_rhoR050_predB/9000.orbax-checkpoint-tmp-1782003840986378/default`.
I0621 01:04:07.805273 124923101505344 utils.py:529] Renaming v2_runs/mainb_repair_rhoR050_predB/9000.orbax-checkpoint-tmp-1782003840986378 to v2_runs/mainb_repair_rhoR050_predB/9000
I0621 01:04:07.863089 124923101505344 checkpointer.py:134] Saving item to v2_runs/mainb_repair_rhoR050_predB/state/9000.orbax-checkpoint-tmp-1782003847845950/default.
I0621 01:04:18.138286 124923101505344 utils.py:529] Renaming v2_runs/mainb_repair_rhoR050_predB/state/9000.orbax-checkpoint-tmp-1782003847845950/default.orbax-checkpoint-tmp-1782003847865104 to v2_runs/mainb_repair_rhoR050_predB/state/9000.orbax-checkpoint-tmp-1782003847845950/default
I0621 01:04:18.143389 124923101505344 utils.py:573] Finished saving checkpoint to `v2_runs/mainb_repair_rhoR050_predB/state/9000.orbax-checkpoint-tmp-1782003847845950/default`.
I0621 01:04:18.151214 124923101505344 checkpoint_manager.py:832] Deleting Checkpoint[step=8500 | time=2026-06-21 00:51:33.653616+00:00]: (Reason: old checkpoint).
I0621 01:04:18.154602 124923101505344 utils.py:529] Renaming v2_runs/mainb_repair_rhoR050_predB/state/9000.orbax-checkpoint-tmp-1782003847845950 to v2_runs/mainb_repair_rhoR050_predB/state/9000
I0621 01:04:18.391488 124923101505344 train_repair_mainb.py:311] 💾 saved checkpoint @ step 9000 -> v2_runs/mainb_repair_rhoR050_predB
I0621 01:04:20.701046 124923101505344 train_repair_mainb.py:300] [full 09000/10000] total=0.7490 kd=0.0103 action=1.4876 lr=1.00e-06 grad_norm=5.0057 | preserve_action=1.1936 repair_action=1.7685
I0621 01:05:34.741604 124923101505344 train_repair_mainb.py:300] [full 09050/10000] total=0.5069 kd=0.0098 action=1.0041 lr=1.00e-06 grad_norm=3.6471
I0621 01:07:33.363709 124923101505344 train_repair_mainb.py:300] [full 09100/10000] total=0.6530 kd=0.0107 action=1.2953 lr=1.00e-06 grad_norm=4.6046 | preserve_action=1.1342 repair_action=1.7566
I0621 01:08:45.041746 124923101505344 train_repair_mainb.py:300] [full 09150/10000] total=0.6040 kd=0.0103 action=1.1978 lr=1.00e-06 grad_norm=3.5224
I0621 01:10:04.234059 124923101505344 train_repair_mainb.py:300] [full 09200/10000] total=0.6576 kd=0.0096 action=1.3056 lr=1.00e-06 grad_norm=5.0098 | preserve_action=1.2583 repair_action=1.7841
I0621 01:11:25.390136 124923101505344 train_repair_mainb.py:300] [full 09250/10000] total=0.6083 kd=0.0102 action=1.2065 lr=1.00e-06 grad_norm=3.6194
I0621 01:12:46.221887 124923101505344 train_repair_mainb.py:300] [full 09300/10000] total=0.6175 kd=0.0108 action=1.2243 lr=1.00e-06 grad_norm=4.7947 | preserve_action=0.9946 repair_action=1.6662
I0621 01:13:54.688756 124923101505344 train_repair_mainb.py:300] [full 09350/10000] total=0.5788 kd=0.0099 action=1.1478 lr=1.00e-06 grad_norm=3.8455
I0621 01:15:06.269001 124923101505344 train_repair_mainb.py:300] [full 09400/10000] total=0.7233 kd=0.0106 action=1.4361 lr=1.00e-06 grad_norm=4.7752 | preserve_action=1.3147 repair_action=1.6235
I0621 01:16:21.263365 124923101505344 train_repair_mainb.py:300] [full 09450/10000] total=0.5450 kd=0.0103 action=1.0797 lr=1.00e-06 grad_norm=4.9424
I0621 01:17:28.444230 124923101505344 checkpointer.py:134] Saving item to v2_runs/mainb_repair_rhoR050_predB/9500.orbax-checkpoint-tmp-1782004648385747/default.
I0621 01:17:35.235234 124923101505344 utils.py:529] Renaming v2_runs/mainb_repair_rhoR050_predB/9500.orbax-checkpoint-tmp-1782004648385747/default.orbax-checkpoint-tmp-1782004648447160 to v2_runs/mainb_repair_rhoR050_predB/9500.orbax-checkpoint-tmp-1782004648385747/default
I0621 01:17:35.239299 124923101505344 utils.py:573] Finished saving checkpoint to `v2_runs/mainb_repair_rhoR050_predB/9500.orbax-checkpoint-tmp-1782004648385747/default`.
I0621 01:17:35.243153 124923101505344 utils.py:529] Renaming v2_runs/mainb_repair_rhoR050_predB/9500.orbax-checkpoint-tmp-1782004648385747 to v2_runs/mainb_repair_rhoR050_predB/9500
I0621 01:17:35.268236 124923101505344 checkpointer.py:134] Saving item to v2_runs/mainb_repair_rhoR050_predB/state/9500.orbax-checkpoint-tmp-1782004655259353/default.
I0621 01:17:45.249813 124923101505344 utils.py:529] Renaming v2_runs/mainb_repair_rhoR050_predB/state/9500.orbax-checkpoint-tmp-1782004655259353/default.orbax-checkpoint-tmp-1782004655269684 to v2_runs/mainb_repair_rhoR050_predB/state/9500.orbax-checkpoint-tmp-1782004655259353/default
I0621 01:17:45.253994 124923101505344 utils.py:573] Finished saving checkpoint to `v2_runs/mainb_repair_rhoR050_predB/state/9500.orbax-checkpoint-tmp-1782004655259353/default`.
I0621 01:17:45.263153 124923101505344 checkpoint_manager.py:832] Deleting Checkpoint[step=9000 | time=2026-06-21 01:04:18.146591+00:00]: (Reason: old checkpoint).
I0621 01:17:45.266252 124923101505344 utils.py:529] Renaming v2_runs/mainb_repair_rhoR050_predB/state/9500.orbax-checkpoint-tmp-1782004655259353 to v2_runs/mainb_repair_rhoR050_predB/state/9500
I0621 01:17:45.469990 124923101505344 train_repair_mainb.py:311] 💾 saved checkpoint @ step 9500 -> v2_runs/mainb_repair_rhoR050_predB
I0621 01:17:47.812252 124923101505344 train_repair_mainb.py:300] [full 09500/10000] total=0.5402 kd=0.0101 action=1.0703 lr=1.00e-06 grad_norm=3.5572 | preserve_action=1.0053 repair_action=1.6272
I0621 01:18:56.468770 124923101505344 train_repair_mainb.py:300] [full 09550/10000] total=0.5987 kd=0.0104 action=1.1870 lr=1.00e-06 grad_norm=4.6429
I0621 01:20:05.721807 124923101505344 train_repair_mainb.py:300] [full 09600/10000] total=0.6041 kd=0.0102 action=1.1980 lr=1.00e-06 grad_norm=4.4065 | preserve_action=1.1932 repair_action=1.7774
I0621 01:21:14.191571 124923101505344 train_repair_mainb.py:300] [full 09650/10000] total=0.5493 kd=0.0103 action=1.0883 lr=1.00e-06 grad_norm=4.5785
I0621 01:23:13.168540 124923101505344 train_repair_mainb.py:300] [full 09700/10000] total=0.6786 kd=0.0104 action=1.3469 lr=1.00e-06 grad_norm=4.5966 | preserve_action=1.0433 repair_action=1.7261
I0621 01:24:21.887531 124923101505344 train_repair_mainb.py:300] [full 09750/10000] total=0.5829 kd=0.0099 action=1.1560 lr=1.00e-06 grad_norm=3.8870
I0621 01:25:43.594388 124923101505344 train_repair_mainb.py:300] [full 09800/10000] total=0.6529 kd=0.0105 action=1.2953 lr=1.00e-06 grad_norm=5.2543 | preserve_action=1.1568 repair_action=1.6676
I0621 01:27:06.157383 124923101505344 train_repair_mainb.py:300] [full 09850/10000] total=0.5796 kd=0.0102 action=1.1490 lr=1.00e-06 grad_norm=3.5073
I0621 01:28:17.959886 124923101505344 train_repair_mainb.py:300] [full 09900/10000] total=0.6313 kd=0.0102 action=1.2525 lr=1.00e-06 grad_norm=3.7568 | preserve_action=1.2326 repair_action=1.7617
I0621 01:29:37.945594 124923101505344 train_repair_mainb.py:300] [full 09950/10000] total=0.6071 kd=0.0100 action=1.2042 lr=1.00e-06 grad_norm=3.9301
I0621 01:30:48.856882 124923101505344 checkpointer.py:134] Saving item to v2_runs/mainb_repair_rhoR050_predB/10000.orbax-checkpoint-tmp-1782005448836346/default.
I0621 01:30:55.770774 124923101505344 utils.py:529] Renaming v2_runs/mainb_repair_rhoR050_predB/10000.orbax-checkpoint-tmp-1782005448836346/default.orbax-checkpoint-tmp-1782005448859701 to v2_runs/mainb_repair_rhoR050_predB/10000.orbax-checkpoint-tmp-1782005448836346/default
I0621 01:30:55.775882 124923101505344 utils.py:573] Finished saving checkpoint to `v2_runs/mainb_repair_rhoR050_predB/10000.orbax-checkpoint-tmp-1782005448836346/default`.
I0621 01:30:55.784068 124923101505344 utils.py:529] Renaming v2_runs/mainb_repair_rhoR050_predB/10000.orbax-checkpoint-tmp-1782005448836346 to v2_runs/mainb_repair_rhoR050_predB/10000
I0621 01:30:56.007890 124923101505344 checkpointer.py:134] Saving item to v2_runs/mainb_repair_rhoR050_predB/state/10000.orbax-checkpoint-tmp-1782005455811064/default.
I0621 01:31:06.294542 124923101505344 utils.py:529] Renaming v2_runs/mainb_repair_rhoR050_predB/state/10000.orbax-checkpoint-tmp-1782005455811064/default.orbax-checkpoint-tmp-1782005456028292 to v2_runs/mainb_repair_rhoR050_predB/state/10000.orbax-checkpoint-tmp-1782005455811064/default
I0621 01:31:06.300081 124923101505344 utils.py:573] Finished saving checkpoint to `v2_runs/mainb_repair_rhoR050_predB/state/10000.orbax-checkpoint-tmp-1782005455811064/default`.
I0621 01:31:06.326082 124923101505344 checkpoint_manager.py:832] Deleting Checkpoint[step=9500 | time=2026-06-21 01:17:45.257001+00:00]: (Reason: old checkpoint).
I0621 01:31:06.331743 124923101505344 utils.py:529] Renaming v2_runs/mainb_repair_rhoR050_predB/state/10000.orbax-checkpoint-tmp-1782005455811064 to v2_runs/mainb_repair_rhoR050_predB/state/10000
I0621 01:31:06.601067 124923101505344 train_repair_mainb.py:311] 💾 saved checkpoint @ step 10000 -> v2_runs/mainb_repair_rhoR050_predB
